Archive member included to satisfy reference by file (symbol)

.\CortexM3\ARM_GCC_541\Debug\Design01.a(CyLib.o)
                              .\CortexM3\ARM_GCC_541\Debug\Cm3Start.o (CyHalt)
.\CortexM3\ARM_GCC_541\Debug\Design01.a(cyPm.o)
                              .\CortexM3\ARM_GCC_541\Debug\Design01.a(CyLib.o) (CyPmReadStatus)
.\CortexM3\ARM_GCC_541\Debug\Design01.a(isrXP.o)
                              .\CortexM3\ARM_GCC_541\Debug\main.o (isrXP_StartEx)
.\CortexM3\ARM_GCC_541\Debug\Design01.a(isrXL.o)
                              .\CortexM3\ARM_GCC_541\Debug\main.o (isrXL_StartEx)
.\CortexM3\ARM_GCC_541\Debug\Design01.a(isrYP.o)
                              .\CortexM3\ARM_GCC_541\Debug\main.o (isrYP_StartEx)
.\CortexM3\ARM_GCC_541\Debug\Design01.a(isrYL.o)
                              .\CortexM3\ARM_GCC_541\Debug\main.o (isrYL_StartEx)
.\CortexM3\ARM_GCC_541\Debug\Design01.a(Clock_1.o)
                              .\CortexM3\ARM_GCC_541\Debug\main.o (Clock_1_Start)
.\CortexM3\ARM_GCC_541\Debug\Design01.a(isrRx.o)
                              .\CortexM3\ARM_GCC_541\Debug\main.o (isrRx_StartEx)
.\CortexM3\ARM_GCC_541\Debug\Design01.a(UART.o)
                              .\CortexM3\ARM_GCC_541\Debug\main.o (UART_Start)
.\CortexM3\ARM_GCC_541\Debug\Design01.a(UART_INT.o)
                              .\CortexM3\ARM_GCC_541\Debug\Design01.a(UART.o) (UART_RXISR)
.\CortexM3\ARM_GCC_541\Debug\Design01.a(UART_IntClock.o)
                              .\CortexM3\ARM_GCC_541\Debug\Design01.a(UART.o) (UART_IntClock_Start)
.\CortexM3\ARM_GCC_541\Debug\Design01.a(PWM.o)
                              .\CortexM3\ARM_GCC_541\Debug\main.o (PWM_WriteCompare1)
.\CortexM3\ARM_GCC_541\Debug\Design01.a(A1.o)
                              .\CortexM3\ARM_GCC_541\Debug\main.o (A1_Write)
.\CortexM3\ARM_GCC_541\Debug\Design01.a(B1.o)
                              .\CortexM3\ARM_GCC_541\Debug\main.o (B1_Write)
.\CortexM3\ARM_GCC_541\Debug\Design01.a(A2.o)
                              .\CortexM3\ARM_GCC_541\Debug\main.o (A2_Write)
.\CortexM3\ARM_GCC_541\Debug\Design01.a(B2.o)
                              .\CortexM3\ARM_GCC_541\Debug\main.o (B2_Write)
.\CortexM3\ARM_GCC_541\Debug\Design01.a(isrX.o)
                              .\CortexM3\ARM_GCC_541\Debug\main.o (isrX_StartEx)
.\CortexM3\ARM_GCC_541\Debug\Design01.a(isrY.o)
                              .\CortexM3\ARM_GCC_541\Debug\main.o (isrY_StartEx)
.\CortexM3\ARM_GCC_541\Debug\Design01.a(CyBootAsmGnu.o)
                              .\CortexM3\ARM_GCC_541\Debug\cyfitter_cfg.o (CyDelayCycles)
.\CortexM3\ARM_GCC_541\Debug\Design01.a(CyFlash.o)
                              .\CortexM3\ARM_GCC_541\Debug\Design01.a(cyPm.o) (CyFlash_SetWaitCycles)
.\CortexM3\ARM_GCC_541\Debug\Design01.a(CySpc.o)
                              .\CortexM3\ARM_GCC_541\Debug\Design01.a(CyFlash.o) (CySpcStart)
c:/program files (x86)/cypress/psoc creator/4.2/psoc creator/import/gnu/arm/5.4.1/bin/../lib/gcc/arm-none-eabi/5.4.1/armv7-m\libgcc.a(_arm_addsubdf3.o)
                              .\CortexM3\ARM_GCC_541\Debug\main.o (__aeabi_dsub)
c:/program files (x86)/cypress/psoc creator/4.2/psoc creator/import/gnu/arm/5.4.1/bin/../lib/gcc/arm-none-eabi/5.4.1/armv7-m\libgcc.a(_arm_muldivdf3.o)
                              .\CortexM3\ARM_GCC_541\Debug\main.o (__aeabi_dmul)
c:/program files (x86)/cypress/psoc creator/4.2/psoc creator/import/gnu/arm/5.4.1/bin/../lib/gcc/arm-none-eabi/5.4.1/armv7-m\libgcc.a(_arm_fixdfsi.o)
                              .\CortexM3\ARM_GCC_541\Debug\main.o (__aeabi_d2iz)
c:/program files (x86)/cypress/psoc creator/4.2/psoc creator/import/gnu/arm/5.4.1/bin/../lib/gcc/arm-none-eabi/5.4.1/../../../../arm-none-eabi/lib/armv7-m\libg_nano.a(lib_a-atoi.o)
                              .\CortexM3\ARM_GCC_541\Debug\main.o (atoi)
c:/program files (x86)/cypress/psoc creator/4.2/psoc creator/import/gnu/arm/5.4.1/bin/../lib/gcc/arm-none-eabi/5.4.1/../../../../arm-none-eabi/lib/armv7-m\libg_nano.a(lib_a-errno.o)
                              .\CortexM3\ARM_GCC_541\Debug\Cm3Start.o (__errno)
c:/program files (x86)/cypress/psoc creator/4.2/psoc creator/import/gnu/arm/5.4.1/bin/../lib/gcc/arm-none-eabi/5.4.1/../../../../arm-none-eabi/lib/armv7-m\libg_nano.a(lib_a-exit.o)
                              c:/program files (x86)/cypress/psoc creator/4.2/psoc creator/import/gnu/arm/5.4.1/bin/../lib/gcc/arm-none-eabi/5.4.1/../../../../arm-none-eabi/lib/armv7-m/crt0.o (exit)
c:/program files (x86)/cypress/psoc creator/4.2/psoc creator/import/gnu/arm/5.4.1/bin/../lib/gcc/arm-none-eabi/5.4.1/../../../../arm-none-eabi/lib/armv7-m\libg_nano.a(lib_a-impure.o)
                              c:/program files (x86)/cypress/psoc creator/4.2/psoc creator/import/gnu/arm/5.4.1/bin/../lib/gcc/arm-none-eabi/5.4.1/../../../../arm-none-eabi/lib/armv7-m\libg_nano.a(lib_a-exit.o) (_global_impure_ptr)
[...]
Memory Configuration

Name             Origin             Length             Attributes
rom              0x00000000         0x00040000         xr
ram              0x1fff8000         0x00010000         xrw
*default*        0x00000000         0xffffffff

Linker script and memory map

LOAD c:/program files (x86)/cypress/psoc creator/4.2/psoc creator/import/gnu/arm/5.4.1/bin/../lib/gcc/arm-none-eabi/5.4.1/armv7-m/crti.o
LOAD c:/program files (x86)/cypress/psoc creator/4.2/psoc creator/import/gnu/arm/5.4.1/bin/../lib/gcc/arm-none-eabi/5.4.1/armv7-m/crtbegin.o
LOAD c:/program files (x86)/cypress/psoc creator/4.2/psoc creator/import/gnu/arm/5.4.1/bin/../lib/gcc/arm-none-eabi/5.4.1/../../../../arm-none-eabi/lib/armv7-m/crt0.o
START GROUP
LOAD .\CortexM3\ARM_GCC_541\Debug\main.o
LOAD .\CortexM3\ARM_GCC_541\Debug\cyfitter_cfg.o
LOAD .\CortexM3\ARM_GCC_541\Debug\cymetadata.o
LOAD .\CortexM3\ARM_GCC_541\Debug\Cm3Start.o
LOAD .\CortexM3\ARM_GCC_541\Debug\Design01.a
LOAD C:\Program Files (x86)\Cypress\PSoC Creator\4.2\PSoC Creator\psoc\content\cycomponentlibrary\CyComponentLibrary.cylib\CortexM3\ARM_GCC_541\Debug\CyComponentLibrary.a
END GROUP
START GROUP
LOAD c:/program files (x86)/cypress/psoc creator/4.2/psoc creator/import/gnu/arm/5.4.1/bin/../lib/gcc/arm-none-eabi/5.4.1/armv7-m\libgcc.a
LOAD c:/program files (x86)/cypress/psoc creator/4.2/psoc creator/import/gnu/arm/5.4.1/bin/../lib/gcc/arm-none-eabi/5.4.1/../../../../arm-none-eabi/lib/armv7-m\libg_nano.a
LOAD c:/program files (x86)/cypress/psoc creator/4.2/psoc creator/import/gnu/arm/5.4.1/bin/../lib/gcc/arm-none-eabi/5.4.1/../../../../arm-none-eabi/lib/armv7-m\libc_nano.a
END GROUP
START GROUP
LOAD c:/program files (x86)/cypress/psoc creator/4.2/psoc creator/import/gnu/arm/5.4.1/bin/../lib/gcc/arm-none-eabi/5.4.1/armv7-m\libgcc.a
LOAD c:/program files (x86)/cypress/psoc creator/4.2/psoc creator/import/gnu/arm/5.4.1/bin/../lib/gcc/arm-none-eabi/5.4.1/../../../../arm-none-eabi/lib/armv7-m\libc_nano.a
END GROUP
LOAD c:/program files (x86)/cypress/psoc creator/4.2/psoc creator/import/gnu/arm/5.4.1/bin/../lib/gcc/arm-none-eabi/5.4.1/armv7-m/crtend.o
LOAD c:/program files (x86)/cypress/psoc creator/4.2/psoc creator/import/gnu/arm/5.4.1/bin/../lib/gcc/arm-none-eabi/5.4.1/armv7-m/crtn.o
START GROUP
LOAD c:/program files (x86)/cypress/psoc creator/4.2/psoc creator/import/gnu/arm/5.4.1/bin/../lib/gcc/arm-none-eabi/5.4.1/armv7-m\libgcc.a
LOAD c:/program files (x86)/cypress/psoc creator/4.2/psoc creator/import/gnu/arm/5.4.1/bin/../lib/gcc/arm-none-eabi/5.4.1/../../../../arm-none-eabi/lib/armv7-m\libc.a
LOAD c:/program files (x86)/cypress/psoc creator/4.2/psoc creator/import/gnu/arm/5.4.1/bin/../lib/gcc/arm-none-eabi/5.4.1/../../../../arm-none-eabi/lib/armv7-m\libnosys.a
END GROUP
                0x00000000                CY_APPL_ORIGIN = 0x0
                0x00000100                CY_FLASH_ROW_SIZE = 0x100
                0x00000020                CY_ECC_ROW_SIZE = 0x20
                0x00000000                CY_EE_IN_BTLDR = 0x0
                0x00000000                CY_APPL_LOADABLE = 0x0
                0x00000800                CY_EE_SIZE = 0x800
                0x00000001                CY_APPL_NUM = 0x1
                0x00000001                CY_APPL_MAX = 0x1
                0x00000040                CY_METADATA_SIZE = 0x40
                0x00000000                CY_APPL_LOADABLE = 0x0
                0x00000000                CY_CHECKSUM_EXCLUDE_SIZE = ALIGN (0x0, CY_FLASH_ROW_SIZE)
                [!provide]                PROVIDE (__cy_heap_start, _end)
                0x00000001                PROVIDE (__cy_region_num, ((__cy_regions_end - __cy_regions) / 0x10))
                0x20008000                PROVIDE (__cy_stack, (ORIGIN (ram) + LENGTH (ram)))
                [!provide]                PROVIDE (__cy_heap_end, (__cy_stack - 0x800))

.cybootloader   0x00000000        0x0
 *(.cybootloader)
                0x00000000                appl1_start = CY_APPL_ORIGIN?CY_APPL_ORIGIN:ALIGN (CY_FLASH_ROW_SIZE)
                0x0001ff00                appl2_start = (appl1_start + ALIGN ((((LENGTH (rom) - appl1_start) - (0x2 * CY_FLASH_ROW_SIZE)) / 0x2), CY_FLASH_ROW_SIZE))
                0x00000000                appl_start = (CY_APPL_NUM == 0x1)?appl1_start:appl2_start
                0x00000000                ecc_offset = ((appl_start / CY_FLASH_ROW_SIZE) * CY_ECC_ROW_SIZE)
                0x00000000                ee_offset = (CY_APPL_LOADABLE && ! (CY_EE_IN_BTLDR))?((CY_EE_SIZE / CY_APPL_MAX) * (CY_APPL_NUM - 0x1)):0x0
                0x00000800                ee_size = (CY_APPL_LOADABLE && ! (CY_EE_IN_BTLDR))?(CY_EE_SIZE / CY_APPL_MAX):CY_EE_SIZE
                [!provide]                PROVIDE (CY_ECC_OFFSET, ecc_offset)

.text           0x00000000     0x1a04
 CREATE_OBJECT_SYMBOLS
                0x00000000                PROVIDE (__cy_interrupt_vector, RomVectors)
 *(.romvectors)
 .romvectors    0x00000000       0x10 .\CortexM3\ARM_GCC_541\Debug\Cm3Start.o
                0x00000000                RomVectors
                0x00000001                ASSERT ((. != __cy_interrupt_vector), No interrupt vector)
                0x00000001                ASSERT (CY_APPL_ORIGIN?(SIZEOF (.cybootloader) <= CY_APPL_ORIGIN):0x1, Wrong image location)
                0x00000010                PROVIDE (__cy_reset, Reset)
 *(.text.Reset)
 .text.Reset    0x00000010       0x18 .\CortexM3\ARM_GCC_541\Debug\Cm3Start.o
                0x00000010                Reset
                0x00000001                ASSERT ((. != __cy_reset), No reset code)
 *(.dma_init)
                0x00000001                ASSERT ((((appl_start + .) <= 0x10000) || 0x1), DMA Init must be within the first 64k of flash)
 *(.text .text.* .gnu.linkonce.t.*)
 .text          0x00000028       0x5c c:/program files (x86)/cypress/psoc creator/4.2/psoc creator/import/gnu/arm/5.4.1/bin/../lib/gcc/arm-none-eabi/5.4.1/armv7-m/crtbegin.o
 .text.InterruptXL
                0x00000084       0x10 .\CortexM3\ARM_GCC_541\Debug\main.o
                0x00000084                InterruptXL
 .text.InterruptXP
                0x00000094       0x10 .\CortexM3\ARM_GCC_541\Debug\main.o
                0x00000094                InterruptXP
 .text.InterruptYL
                0x000000a4       0x10 .\CortexM3\ARM_GCC_541\Debug\main.o
                0x000000a4                InterruptYL
 .text.InterruptYP
                0x000000b4       0x10 .\CortexM3\ARM_GCC_541\Debug\main.o
                0x000000b4                InterruptYP
 .text.InterruptX
                0x000000c4        0xc .\CortexM3\ARM_GCC_541\Debug\main.o
                0x000000c4                InterruptX
 .text.InterruptY
                0x000000d0        0xc .\CortexM3\ARM_GCC_541\Debug\main.o
                0x000000d0                InterruptY
 .text.InterruptRX
                0x000000dc       0x28 .\CortexM3\ARM_GCC_541\Debug\main.o
                0x000000dc                InterruptRX
 .text.UART_writeint
                0x00000104       0x18 .\CortexM3\ARM_GCC_541\Debug\main.o
                0x00000104                UART_writeint
 *fill*         0x0000011c        0x4 
 .text.main     0x00000120      0x468 .\CortexM3\ARM_GCC_541\Debug\main.o
                0x00000120                main
 .text.CyClockStartupError
                0x00000588        0x4 .\CortexM3\ARM_GCC_541\Debug\cyfitter_cfg.o
 .text.cfg_write_bytes32
                0x0000058c       0x34 .\CortexM3\ARM_GCC_541\Debug\cyfitter_cfg.o
 .text.AnalogSetDefault
                0x000005c0       0x28 .\CortexM3\ARM_GCC_541\Debug\cyfitter_cfg.o
 .text.CYMEMZERO
                0x000005e8        0xc .\CortexM3\ARM_GCC_541\Debug\cyfitter_cfg.o
 .text.ClockSetup
                0x000005f4       0xc8 .\CortexM3\ARM_GCC_541\Debug\cyfitter_cfg.o
 .text.CYCONFIGCPY
                0x000006bc        0x8 .\CortexM3\ARM_GCC_541\Debug\cyfitter_cfg.o
 .text.cyfitter_cfg
                0x000006c4      0x144 .\CortexM3\ARM_GCC_541\Debug\cyfitter_cfg.o
                0x000006c4                cyfitter_cfg
 .text.IntDefaultHandler
                0x00000808       0x10 .\CortexM3\ARM_GCC_541\Debug\Cm3Start.o
                0x00000808                IntDefaultHandler
 .text.Start_c  0x00000818       0x4c .\CortexM3\ARM_GCC_541\Debug\Cm3Start.o
                0x00000818                Start_c
 .text.initialize_psoc
                0x00000864       0x68 .\CortexM3\ARM_GCC_541\Debug\Cm3Start.o
                0x00000864                initialize_psoc
 .text.CyHalt   0x000008cc        0x4 .\CortexM3\ARM_GCC_541\Debug\Design01.a(CyLib.o)
                0x000008cc                CyHalt
 .text.CyIntSetVector
                0x000008d0       0x28 .\CortexM3\ARM_GCC_541\Debug\Design01.a(CyLib.o)
                0x000008d0                CyIntSetVector
 .text.CyIntSetPriority
                0x000008f8       0x30 .\CortexM3\ARM_GCC_541\Debug\Design01.a(CyLib.o)
                0x000008f8                CyIntSetPriority
 .text.isrXP_SetVector
                0x00000928        0xc .\CortexM3\ARM_GCC_541\Debug\Design01.a(isrXP.o)
                0x00000928                isrXP_SetVector
 .text.isrXP_SetPriority
                0x00000934       0x10 .\CortexM3\ARM_GCC_541\Debug\Design01.a(isrXP.o)
                0x00000934                isrXP_SetPriority
 .text.isrXP_Enable
                0x00000944        0xc .\CortexM3\ARM_GCC_541\Debug\Design01.a(isrXP.o)
                0x00000944                isrXP_Enable
 .text.isrXP_Disable
                0x00000950        0xc .\CortexM3\ARM_GCC_541\Debug\Design01.a(isrXP.o)
                0x00000950                isrXP_Disable
 .text.isrXP_StartEx
                0x0000095c       0x1c .\CortexM3\ARM_GCC_541\Debug\Design01.a(isrXP.o)
                0x0000095c                isrXP_StartEx
 .text.isrXL_SetVector
                0x00000978        0xc .\CortexM3\ARM_GCC_541\Debug\Design01.a(isrXL.o)
                0x00000978                isrXL_SetVector
 .text.isrXL_SetPriority
                0x00000984       0x10 .\CortexM3\ARM_GCC_541\Debug\Design01.a(isrXL.o)
                0x00000984                isrXL_SetPriority
 .text.isrXL_Enable
                0x00000994        0xc .\CortexM3\ARM_GCC_541\Debug\Design01.a(isrXL.o)
                0x00000994                isrXL_Enable
 .text.isrXL_Disable
                0x000009a0        0xc .\CortexM3\ARM_GCC_541\Debug\Design01.a(isrXL.o)
                0x000009a0                isrXL_Disable
 .text.isrXL_StartEx
                0x000009ac       0x1c .\CortexM3\ARM_GCC_541\Debug\Design01.a(isrXL.o)
                0x000009ac                isrXL_StartEx
 .text.isrYP_SetVector
                0x000009c8        0xc .\CortexM3\ARM_GCC_541\Debug\Design01.a(isrYP.o)
                0x000009c8                isrYP_SetVector
 .text.isrYP_SetPriority
                0x000009d4       0x10 .\CortexM3\ARM_GCC_541\Debug\Design01.a(isrYP.o)
                0x000009d4                isrYP_SetPriority
 .text.isrYP_Enable
                0x000009e4       0x10 .\CortexM3\ARM_GCC_541\Debug\Design01.a(isrYP.o)
                0x000009e4                isrYP_Enable
 .text.isrYP_Disable
                0x000009f4       0x10 .\CortexM3\ARM_GCC_541\Debug\Design01.a(isrYP.o)
                0x000009f4                isrYP_Disable
 .text.isrYP_StartEx
                0x00000a04       0x1c .\CortexM3\ARM_GCC_541\Debug\Design01.a(isrYP.o)
                0x00000a04                isrYP_StartEx
 .text.isrYL_SetVector
                0x00000a20        0xc .\CortexM3\ARM_GCC_541\Debug\Design01.a(isrYL.o)
                0x00000a20                isrYL_SetVector
 .text.isrYL_SetPriority
                0x00000a2c       0x10 .\CortexM3\ARM_GCC_541\Debug\Design01.a(isrYL.o)
                0x00000a2c                isrYL_SetPriority
 .text.isrYL_Enable
                0x00000a3c        0xc .\CortexM3\ARM_GCC_541\Debug\Design01.a(isrYL.o)
                0x00000a3c                isrYL_Enable
 .text.isrYL_Disable
                0x00000a48        0xc .\CortexM3\ARM_GCC_541\Debug\Design01.a(isrYL.o)
                0x00000a48                isrYL_Disable
 .text.isrYL_StartEx
                0x00000a54       0x1c .\CortexM3\ARM_GCC_541\Debug\Design01.a(isrYL.o)
                0x00000a54                isrYL_StartEx
 .text.Clock_1_Start
                0x00000a70       0x1c .\CortexM3\ARM_GCC_541\Debug\Design01.a(Clock_1.o)
                0x00000a70                Clock_1_Start
 .text.isrRx_SetVector
                0x00000a8c        0xc .\CortexM3\ARM_GCC_541\Debug\Design01.a(isrRx.o)
                0x00000a8c                isrRx_SetVector
 .text.isrRx_SetPriority
                0x00000a98       0x10 .\CortexM3\ARM_GCC_541\Debug\Design01.a(isrRx.o)
                0x00000a98                isrRx_SetPriority
 .text.isrRx_Enable
                0x00000aa8        0xc .\CortexM3\ARM_GCC_541\Debug\Design01.a(isrRx.o)
                0x00000aa8                isrRx_Enable
 .text.isrRx_Disable
                0x00000ab4        0xc .\CortexM3\ARM_GCC_541\Debug\Design01.a(isrRx.o)
                0x00000ab4                isrRx_Disable
 .text.isrRx_StartEx
                0x00000ac0       0x1c .\CortexM3\ARM_GCC_541\Debug\Design01.a(isrRx.o)
                0x00000ac0                isrRx_StartEx
 .text.UART_Init
                0x00000adc       0x5c .\CortexM3\ARM_GCC_541\Debug\Design01.a(UART.o)
                0x00000adc                UART_Init
 .text.UART_Enable
                0x00000b38       0x50 .\CortexM3\ARM_GCC_541\Debug\Design01.a(UART.o)
                0x00000b38                UART_Enable
 .text.UART_Start
                0x00000b88       0x1c .\CortexM3\ARM_GCC_541\Debug\Design01.a(UART.o)
                0x00000b88                UART_Start
 .text.UART_GetChar
                0x00000ba4       0x80 .\CortexM3\ARM_GCC_541\Debug\Design01.a(UART.o)
                0x00000ba4                UART_GetChar
 .text.UART_PutChar
                0x00000c24       0x70 .\CortexM3\ARM_GCC_541\Debug\Design01.a(UART.o)
                0x00000c24                UART_PutChar
 .text.UART_PutString
                0x00000c94       0x24 .\CortexM3\ARM_GCC_541\Debug\Design01.a(UART.o)
                0x00000c94                UART_PutString
 .text.UART_RXISR
                0x00000cb8       0x98 .\CortexM3\ARM_GCC_541\Debug\Design01.a(UART_INT.o)
                0x00000cb8                UART_RXISR
 .text.UART_TXISR
                0x00000d50       0x58 .\CortexM3\ARM_GCC_541\Debug\Design01.a(UART_INT.o)
                0x00000d50                UART_TXISR
 .text.UART_IntClock_Start
                0x00000da8       0x1c .\CortexM3\ARM_GCC_541\Debug\Design01.a(UART_IntClock.o)
                0x00000da8                UART_IntClock_Start
 .text.PWM_Enable
                0x00000dc4       0x10 .\CortexM3\ARM_GCC_541\Debug\Design01.a(PWM.o)
                0x00000dc4                PWM_Enable
 .text.PWM_WriteCounter
                0x00000dd4        0xc .\CortexM3\ARM_GCC_541\Debug\Design01.a(PWM.o)
                0x00000dd4                PWM_WriteCounter
 .text.PWM_WritePeriod
                0x00000de0        0xc .\CortexM3\ARM_GCC_541\Debug\Design01.a(PWM.o)
                0x00000de0                PWM_WritePeriod
 .text.PWM_WriteCompare1
                0x00000dec        0xc .\CortexM3\ARM_GCC_541\Debug\Design01.a(PWM.o)
                0x00000dec                PWM_WriteCompare1
 .text.PWM_WriteCompare2
                0x00000df8        0xc .\CortexM3\ARM_GCC_541\Debug\Design01.a(PWM.o)
                0x00000df8                PWM_WriteCompare2
 .text.PWM_SetInterruptMode
                0x00000e04        0xc .\CortexM3\ARM_GCC_541\Debug\Design01.a(PWM.o)
                0x00000e04                PWM_SetInterruptMode
 .text.PWM_ReadStatusRegister
                0x00000e10        0xc .\CortexM3\ARM_GCC_541\Debug\Design01.a(PWM.o)
                0x00000e10                PWM_ReadStatusRegister
 .text.PWM_ReadCapture
                0x00000e1c        0xc .\CortexM3\ARM_GCC_541\Debug\Design01.a(PWM.o)
                0x00000e1c                PWM_ReadCapture
 .text.PWM_ClearFIFO
                0x00000e28       0x14 .\CortexM3\ARM_GCC_541\Debug\Design01.a(PWM.o)
                0x00000e28                PWM_ClearFIFO
 .text.PWM_Init
                0x00000e3c       0x58 .\CortexM3\ARM_GCC_541\Debug\Design01.a(PWM.o)
                0x00000e3c                PWM_Init
 .text.PWM_Start
                0x00000e94       0x1c .\CortexM3\ARM_GCC_541\Debug\Design01.a(PWM.o)
                0x00000e94                PWM_Start
 .text.A1_Write
                0x00000eb0       0x18 .\CortexM3\ARM_GCC_541\Debug\Design01.a(A1.o)
                0x00000eb0                A1_Write
 .text.B1_Write
                0x00000ec8       0x18 .\CortexM3\ARM_GCC_541\Debug\Design01.a(B1.o)
                0x00000ec8                B1_Write
 .text.A2_Write
                0x00000ee0       0x18 .\CortexM3\ARM_GCC_541\Debug\Design01.a(A2.o)
                0x00000ee0                A2_Write
 .text.B2_Write
                0x00000ef8       0x18 .\CortexM3\ARM_GCC_541\Debug\Design01.a(B2.o)
                0x00000ef8                B2_Write
 .text.isrX_SetVector
                0x00000f10        0xc .\CortexM3\ARM_GCC_541\Debug\Design01.a(isrX.o)
                0x00000f10                isrX_SetVector
 .text.isrX_SetPriority
                0x00000f1c       0x10 .\CortexM3\ARM_GCC_541\Debug\Design01.a(isrX.o)
                0x00000f1c                isrX_SetPriority
 .text.isrX_Enable
                0x00000f2c        0xc .\CortexM3\ARM_GCC_541\Debug\Design01.a(isrX.o)
                0x00000f2c                isrX_Enable
 .text.isrX_Disable
                0x00000f38        0xc .\CortexM3\ARM_GCC_541\Debug\Design01.a(isrX.o)
                0x00000f38                isrX_Disable
 .text.isrX_StartEx
                0x00000f44       0x1c .\CortexM3\ARM_GCC_541\Debug\Design01.a(isrX.o)
                0x00000f44                isrX_StartEx
 .text.isrY_SetVector
                0x00000f60        0xc .\CortexM3\ARM_GCC_541\Debug\Design01.a(isrY.o)
                0x00000f60                isrY_SetVector
 .text.isrY_SetPriority
                0x00000f6c       0x10 .\CortexM3\ARM_GCC_541\Debug\Design01.a(isrY.o)
                0x00000f6c                isrY_SetPriority
 .text.isrY_Enable
                0x00000f7c        0xc .\CortexM3\ARM_GCC_541\Debug\Design01.a(isrY.o)
                0x00000f7c                isrY_Enable
 .text.isrY_Disable
                0x00000f88        0xc .\CortexM3\ARM_GCC_541\Debug\Design01.a(isrY.o)
                0x00000f88                isrY_Disable
 .text.isrY_StartEx
                0x00000f94       0x1c .\CortexM3\ARM_GCC_541\Debug\Design01.a(isrY.o)
                0x00000f94                isrY_StartEx
 .text          0x00000fb0       0x20 .\CortexM3\ARM_GCC_541\Debug\Design01.a(CyBootAsmGnu.o)
                0x00000fb0                CyDelayCycles
                0x00000fc0                CyEnterCriticalSection
                0x00000fc8                CyExitCriticalSection
 .text          0x00000fd0      0x370 c:/program files (x86)/cypress/psoc creator/4.2/psoc creator/import/gnu/arm/5.4.1/bin/../lib/gcc/arm-none-eabi/5.4.1/armv7-m\libgcc.a(_arm_addsubdf3.o)
                0x00000fd0                __aeabi_drsub
                0x00000fd8                __aeabi_dsub
                0x00000fd8                __subdf3
                0x00000fdc                __aeabi_dadd
                0x00000fdc                __adddf3
                0x00001254                __floatunsidf
                0x00001254                __aeabi_ui2d
                0x00001274                __floatsidf
                0x00001274                __aeabi_i2d
                0x00001298                __aeabi_f2d
                0x00001298                __extendsfdf2
                0x000012d4                __floatundidf
                0x000012d4                __aeabi_ul2d
                0x000012e4                __floatdidf
                0x000012e4                __aeabi_l2d
 .text          0x00001340      0x424 c:/program files (x86)/cypress/psoc creator/4.2/psoc creator/import/gnu/arm/5.4.1/bin/../lib/gcc/arm-none-eabi/5.4.1/armv7-m\libgcc.a(_arm_muldivdf3.o)
                0x00001340                __aeabi_dmul
                0x00001340                __muldf3
                0x00001594                __divdf3
                0x00001594                __aeabi_ddiv
 .text          0x00001764       0x50 c:/program files (x86)/cypress/psoc creator/4.2/psoc creator/import/gnu/arm/5.4.1/bin/../lib/gcc/arm-none-eabi/5.4.1/armv7-m\libgcc.a(_arm_fixdfsi.o)
                0x00001764                __aeabi_d2iz
                0x00001764                __fixdfsi
 .text.atoi     0x000017b4        0x8 c:/program files (x86)/cypress/psoc creator/4.2/psoc creator/import/gnu/arm/5.4.1/bin/../lib/gcc/arm-none-eabi/5.4.1/../../../../arm-none-eabi/lib/armv7-m\libg_nano.a(lib_a-atoi.o)
                0x000017b4                atoi
 .text.__errno  0x000017bc        0xc c:/program files (x86)/cypress/psoc creator/4.2/psoc creator/import/gnu/arm/5.4.1/bin/../lib/gcc/arm-none-eabi/5.4.1/../../../../arm-none-eabi/lib/armv7-m\libg_nano.a(lib_a-errno.o)
                0x000017bc                __errno
 .text.__libc_init_array
                0x000017c8       0x4c c:/program files (x86)/cypress/psoc creator/4.2/psoc creator/import/gnu/arm/5.4.1/bin/../lib/gcc/arm-none-eabi/5.4.1/../../../../arm-none-eabi/lib/armv7-m\libg_nano.a(lib_a-init.o)
                0x000017c8                __libc_init_array
 .text.__itoa   0x00001814       0x2e c:/program files (x86)/cypress/psoc creator/4.2/psoc creator/import/gnu/arm/5.4.1/bin/../lib/gcc/arm-none-eabi/5.4.1/../../../../arm-none-eabi/lib/armv7-m\libg_nano.a(lib_a-itoa.o)
                0x00001814                __itoa
 .text.itoa     0x00001842        0x4 c:/program files (x86)/cypress/psoc creator/4.2/psoc creator/import/gnu/arm/5.4.1/bin/../lib/gcc/arm-none-eabi/5.4.1/../../../../arm-none-eabi/lib/armv7-m\libg_nano.a(lib_a-itoa.o)
                0x00001842                itoa
 .text.memcpy   0x00001846       0x16 c:/program files (x86)/cypress/psoc creator/4.2/psoc creator/import/gnu/arm/5.4.1/bin/../lib/gcc/arm-none-eabi/5.4.1/../../../../arm-none-eabi/lib/armv7-m\libg_nano.a(lib_a-memcpy-stub.o)
                0x00001846                memcpy
 .text.memset   0x0000185c       0x10 c:/program files (x86)/cypress/psoc creator/4.2/psoc creator/import/gnu/arm/5.4.1/bin/../lib/gcc/arm-none-eabi/5.4.1/../../../../arm-none-eabi/lib/armv7-m\libg_nano.a(lib_a-memset.o)
                0x0000185c                memset
 .text._strtol_r
                0x0000186c      0x10c c:/program files (x86)/cypress/psoc creator/4.2/psoc creator/import/gnu/arm/5.4.1/bin/../lib/gcc/arm-none-eabi/5.4.1/../../../../arm-none-eabi/lib/armv7-m\libg_nano.a(lib_a-strtol.o)
                0x0000186c                _strtol_r
 .text.strtol   0x00001978       0x14 c:/program files (x86)/cypress/psoc creator/4.2/psoc creator/import/gnu/arm/5.4.1/bin/../lib/gcc/arm-none-eabi/5.4.1/../../../../arm-none-eabi/lib/armv7-m\libg_nano.a(lib_a-strtol.o)
                0x00001978                strtol
 .text.__utoa   0x0000198c       0x78 c:/program files (x86)/cypress/psoc creator/4.2/psoc creator/import/gnu/arm/5.4.1/bin/../lib/gcc/arm-none-eabi/5.4.1/../../../../arm-none-eabi/lib/armv7-m\libg_nano.a(lib_a-utoa.o)
                0x0000198c                __utoa
 *(.plt)
 *(.gnu.warning)
 *(.glue_7t)
 .glue_7t       0x00001a04        0x0 linker stubs
 *(.glue_7)
 .glue_7        0x00001a04        0x0 linker stubs
 *(.vfp11_veneer)
 .vfp11_veneer  0x00001a04        0x0 linker stubs
 *(.bootloader)
 *(.ARM.extab* .gnu.linkonce.armextab.*)
 *(.gcc_except_table)

.v4_bx          0x00001a04        0x0
 .v4_bx         0x00001a04        0x0 linker stubs

.iplt           0x00001a04        0x0
 .iplt          0x00001a04        0x0 c:/program files (x86)/cypress/psoc creator/4.2/psoc creator/import/gnu/arm/5.4.1/bin/../lib/gcc/arm-none-eabi/5.4.1/armv7-m/crtbegin.o

.eh_frame_hdr
 *(.eh_frame_hdr)

.eh_frame       0x00001a04        0x4
 *(.eh_frame)
 .eh_frame      0x00001a04        0x0 c:/program files (x86)/cypress/psoc creator/4.2/psoc creator/import/gnu/arm/5.4.1/bin/../lib/gcc/arm-none-eabi/5.4.1/armv7-m/crtbegin.o
 .eh_frame      0x00001a04        0x4 c:/program files (x86)/cypress/psoc creator/4.2/psoc creator/import/gnu/arm/5.4.1/bin/../lib/gcc/arm-none-eabi/5.4.1/armv7-m/crtend.o
                [!provide]                PROVIDE (__exidx_start, .)

.ARM.exidx
 *(.ARM.exidx* .gnu.linkonce.armexidx.*)
                0x00001a08                __exidx_end = .

.rodata         0x00001a08      0x198
 *(.rodata .rodata.* .gnu.linkonce.r.*)
 .rodata        0x00001a08       0x3a .\CortexM3\ARM_GCC_541\Debug\cyfitter_cfg.o
 .rodata.str1.1
                0x00001a42        0x2 c:/program files (x86)/cypress/psoc creator/4.2/psoc creator/import/gnu/arm/5.4.1/bin/../lib/gcc/arm-none-eabi/5.4.1/../../../../arm-none-eabi/lib/armv7-m\libg_nano.a(lib_a-impure.o)
 .rodata.str1.1
                0x00001a44       0x25 c:/program files (x86)/cypress/psoc creator/4.2/psoc creator/import/gnu/arm/5.4.1/bin/../lib/gcc/arm-none-eabi/5.4.1/../../../../arm-none-eabi/lib/armv7-m\libg_nano.a(lib_a-utoa.o)
 .rodata._ctype_
                0x00001a69      0x101 c:/program files (x86)/cypress/psoc creator/4.2/psoc creator/import/gnu/arm/5.4.1/bin/../lib/gcc/arm-none-eabi/5.4.1/../../../../arm-none-eabi/lib/armv7-m\libg_nano.a(lib_a-ctype_.o)
                0x00001a69                _ctype_
                0x00001b6c                . = ALIGN (0x4)
 *fill*         0x00001b6a        0x2 
 *(.init)
 .init          0x00001b6c        0x4 c:/program files (x86)/cypress/psoc creator/4.2/psoc creator/import/gnu/arm/5.4.1/bin/../lib/gcc/arm-none-eabi/5.4.1/armv7-m/crti.o
                0x00001b6c                _init
 .init          0x00001b70        0x8 c:/program files (x86)/cypress/psoc creator/4.2/psoc creator/import/gnu/arm/5.4.1/bin/../lib/gcc/arm-none-eabi/5.4.1/armv7-m/crtn.o
                0x00001b78                . = ALIGN (0x4)
                0x00001b78                __preinit_array_start = .
 *(.preinit_array)
                0x00001b78                __preinit_array_end = .
                0x00001b78                . = ALIGN (0x4)
                0x00001b78                __init_array_start = .
 *(SORT(.init_array.*))
 *(.init_array)
 .init_array    0x00001b78        0x4 c:/program files (x86)/cypress/psoc creator/4.2/psoc creator/import/gnu/arm/5.4.1/bin/../lib/gcc/arm-none-eabi/5.4.1/armv7-m/crtbegin.o
 .init_array    0x00001b7c        0x4 .\CortexM3\ARM_GCC_541\Debug\Cm3Start.o
                0x00001b80                __init_array_end = .
                0x00001b80                . = ALIGN (0x4)
 *(.fini)
 .fini          0x00001b80        0x4 c:/program files (x86)/cypress/psoc creator/4.2/psoc creator/import/gnu/arm/5.4.1/bin/../lib/gcc/arm-none-eabi/5.4.1/armv7-m/crti.o
                0x00001b80                _fini
 .fini          0x00001b84        0x8 c:/program files (x86)/cypress/psoc creator/4.2/psoc creator/import/gnu/arm/5.4.1/bin/../lib/gcc/arm-none-eabi/5.4.1/armv7-m/crtn.o
                0x00001b8c                . = ALIGN (0x4)
                0x00001b8c                __fini_array_start = .
 *(.fini_array)
 .fini_array    0x00001b8c        0x4 c:/program files (x86)/cypress/psoc creator/4.2/psoc creator/import/gnu/arm/5.4.1/bin/../lib/gcc/arm-none-eabi/5.4.1/armv7-m/crtbegin.o
 *(SORT(.fini_array.*))
                0x00001b90                __fini_array_end = .
                0x00001b90                . = ALIGN (0x4)
 *crtbegin.o(.ctors)
 *(EXCLUDE_FILE(*crtend.o) .ctors)
 *(SORT(.ctors.*))
 *crtend.o(.ctors)
                0x00001b90                . = ALIGN (0x4)
 *crtbegin.o(.dtors)
 *(EXCLUDE_FILE(*crtend.o) .dtors)
 *(SORT(.dtors.*))
 *crtend.o(.dtors)
                0x00001b90                . = ALIGN (0x4)
                0x00001b90                __cy_regions = .
                0x00001b90        0x4 LONG 0x1ba0 __cy_region_init_ram
                0x00001b94        0x4 LONG 0x1fff80c8 __cy_region_start_data
                0x00001b98        0x4 LONG 0x70 __cy_region_init_size_ram
                0x00001b9c        0x4 LONG 0x200 __cy_region_zero_size_ram
                0x00001ba0                __cy_regions_end = .
                0x00001ba0                . = ALIGN (0x8)
                0x00001ba0                _etext = .

.cy_checksum_exclude
                0x00001ba0        0x0
 *(.cy_checksum_exclude)

.ramvectors     0x1fff8000       0xc0
                0x1fff8000                __cy_region_start_ram = .
 *(.ramvectors)
 .ramvectors    0x1fff8000       0xc0 .\CortexM3\ARM_GCC_541\Debug\Cm3Start.o
                0x1fff8000                CyRamVectors

.noinit         0x1fff80c0        0x1
 *(.noinit)
 .noinit        0x1fff80c0        0x1 .\CortexM3\ARM_GCC_541\Debug\Design01.a(CyLib.o)
                0x1fff80c0                CyResetStatus

.data           0x1fff80c8       0x70 load address 0x00001ba0
                0x1fff80c8                __cy_region_start_data = .
 *(.jcr)
 .jcr           0x1fff80c8        0x0 c:/program files (x86)/cypress/psoc creator/4.2/psoc creator/import/gnu/arm/5.4.1/bin/../lib/gcc/arm-none-eabi/5.4.1/armv7-m/crtbegin.o
 .jcr           0x1fff80c8        0x4 c:/program files (x86)/cypress/psoc creator/4.2/psoc creator/import/gnu/arm/5.4.1/bin/../lib/gcc/arm-none-eabi/5.4.1/armv7-m/crtend.o
 *(.got.plt)
 *(.got)
 *(.shdata)
 *(.data .data.* .gnu.linkonce.d.*)
 .data.impure_data
                0x1fff80cc       0x60 c:/program files (x86)/cypress/psoc creator/4.2/psoc creator/import/gnu/arm/5.4.1/bin/../lib/gcc/arm-none-eabi/5.4.1/../../../../arm-none-eabi/lib/armv7-m\libg_nano.a(lib_a-impure.o)
 .data._impure_ptr
                0x1fff812c        0x4 c:/program files (x86)/cypress/psoc creator/4.2/psoc creator/import/gnu/arm/5.4.1/bin/../lib/gcc/arm-none-eabi/5.4.1/../../../../arm-none-eabi/lib/armv7-m\libg_nano.a(lib_a-impure.o)
                0x1fff812c                _impure_ptr
 .data.__ctype_ptr__
                0x1fff8130        0x4 c:/program files (x86)/cypress/psoc creator/4.2/psoc creator/import/gnu/arm/5.4.1/bin/../lib/gcc/arm-none-eabi/5.4.1/../../../../arm-none-eabi/lib/armv7-m\libg_nano.a(lib_a-ctype_.o)
                0x1fff8130                __ctype_ptr__
                0x1fff8138                . = ALIGN (0x8)
 *fill*         0x1fff8134        0x4 
 *(.ram)
                0x1fff8138                _edata = .

.igot.plt       0x1fff8138        0x0 load address 0x00001c10
 .igot.plt      0x1fff8138        0x0 c:/program files (x86)/cypress/psoc creator/4.2/psoc creator/import/gnu/arm/5.4.1/bin/../lib/gcc/arm-none-eabi/5.4.1/armv7-m/crtbegin.o

.bss            0x1fff8138      0x200 load address 0x00001c10
                0x1fff8138                PROVIDE (__bss_start__, .)
 *(.shbss)
 *(.bss .bss.* .gnu.linkonce.b.*)
 .bss           0x1fff8138       0x1c c:/program files (x86)/cypress/psoc creator/4.2/psoc creator/import/gnu/arm/5.4.1/bin/../lib/gcc/arm-none-eabi/5.4.1/armv7-m/crtbegin.o
 *fill*         0x1fff8154        0x4 
 .bss           0x1fff8158      0x160 .\CortexM3\ARM_GCC_541\Debug\main.o
                0x1fff8158                counta
                0x1fff815c                countb
                0x1fff8160                i
                0x1fff8164                x
                0x1fff8168                MXV0
                0x1fff816c                MYV0
                0x1fff8170                refex
                0x1fff8178                sex
                0x1fff8180                retex
                0x1fff8188                retsax
                0x1fff8190                reteax
                0x1fff8198                reteaax
                0x1fff81a0                retsx
                0x1fff81a8                MXV
                0x1fff81b0                seax
                0x1fff81b8                seaax
                0x1fff81c0                retsaax
                0x1fff81c8                refey
                0x1fff81d0                sey
                0x1fff81d8                retey
                0x1fff81e0                retsay
                0x1fff81e8                reteay
                0x1fff81f0                reteaay
                0x1fff81f8                retsy
                0x1fff8200                MYV
                0x1fff8208                seay
                0x1fff8210                seaay
                0x1fff8218                retsaay
                0x1fff8220                refeaay
                0x1fff8228                refeay
                0x1fff8230                refsaay
                0x1fff8238                refsay
                0x1fff8240                refsy
                0x1fff8248                ssaay
                0x1fff8250                ssay
                0x1fff8258                ssy
                0x1fff8260                refeaax
                0x1fff8268                refeax
                0x1fff8270                refsaax
                0x1fff8278                refsax
                0x1fff8280                refsx
                0x1fff8288                ssaax
                0x1fff8290                ssax
                0x1fff8298                ssx
                0x1fff82a0                KIX
                0x1fff82a4                KPX
                0x1fff82a8                MYV00
                0x1fff82ac                MXV00
                0x1fff82b0                pwmy
                0x1fff82b4                pwmx
 .bss           0x1fff82b8        0x9 .\CortexM3\ARM_GCC_541\Debug\Design01.a(UART.o)
                0x1fff82b8                UART_errorStatus
                0x1fff82b9                UART_initVar
                0x1fff82ba                UART_rxBufferRead
                0x1fff82bb                UART_rxBufferWrite
                0x1fff82bc                UART_rxBufferLoopDetect
                0x1fff82bd                UART_rxBufferOverflow
                0x1fff82be                UART_txBufferRead
                0x1fff82bf                UART_txBufferWrite
 .bss           0x1fff82c1        0x1 .\CortexM3\ARM_GCC_541\Debug\Design01.a(PWM.o)
                0x1fff82c1                PWM_initVar
 *(COMMON)
 *fill*         0x1fff82c2        0x2 
 COMMON         0x1fff82c4       0x46 .\CortexM3\ARM_GCC_541\Debug\main.o
                0x1fff82c4                rf
                0x1fff82c8                datoenviado
                0x1fff82dc                DY
                0x1fff82e0                rety
                0x1fff82e4                rfaa
                0x1fff82e8                MY
                0x1fff82ec                xxx
                0x1fff82f0                datorecibido
                0x1fff82fa                DX
                0x1fff82fc                retx
                0x1fff8300                raa
                0x1fff8304                rfa
                0x1fff8308                MX
 *fill*         0x1fff830a        0x2 
 COMMON         0x1fff830c       0x2a .\CortexM3\ARM_GCC_541\Debug\Design01.a(UART.o)
                0x1fff830c                UART_rxBuffer
                0x1fff832c                UART_txBuffer
                0x1fff8338                . = ALIGN (0x8)
 *fill*         0x1fff8336        0x2 
 *(.ram.b)
                0x1fff8338                _end = .
                0x1fff8338                __end = .
                0x1fff8338                PROVIDE (end, .)
                0x1fff8338                PROVIDE (__bss_end__, .)
                0x00001ba0                __cy_region_init_ram = LOADADDR (.data)
                0x00000070                __cy_region_init_size_ram = (_edata - ADDR (.data))
                0x00000200                __cy_region_zero_size_ram = (_end - _edata)

.heap           0x1fff8338       0x80 load address 0x00001c10
                0x1fff8338                . = _end
                0x1fff83b8                . = (. + 0x80)
 *fill*         0x1fff8338       0x80 
                0x1fff83b8                __cy_heap_limit = .

.stack          0x20007800      0x800
                0x20007800                __cy_stack_limit = .
                0x20008000                . = (. + 0x800)
 *fill*         0x20007800      0x800 
                0x00000001                ASSERT ((__cy_stack_limit >= __cy_heap_limit), region RAM overflowed with stack)
                0x00000000                cy_checksum_exclude_size = (CY_APPL_LOADABLE == 0x1)?SIZEOF (.cy_checksum_exclude):0x0
                0x00000001                ASSERT ((cy_checksum_exclude_size <= CY_CHECKSUM_EXCLUDE_SIZE), CY_BOOT: Section .cy_checksum_exclude size exceedes specified limit.)

.cyloadermeta
 *(.cyloadermeta)

.cyloadablemeta
 *(.cyloadablemeta)

.cyconfigecc    0x80000000      0x62c
 *(.cyconfigecc)
 .cyconfigecc   0x80000000      0x62c .\CortexM3\ARM_GCC_541\Debug\cymetadata.o
                0x80000000                cy_meta_configecc

.cycustnvl      0x90000000        0x4
 *(.cycustnvl)
 .cycustnvl     0x90000000        0x4 .\CortexM3\ARM_GCC_541\Debug\cymetadata.o
                0x90000000                cy_meta_custnvl

.cywolatch      0x90100000        0x4
 *(.cywolatch)
 .cywolatch     0x90100000        0x4 .\CortexM3\ARM_GCC_541\Debug\cymetadata.o
                0x90100000                cy_meta_wonvl

.cyeeprom       0x90200000        0x0
 *(.cyeeprom)
                0x00000001                ASSERT ((. <= ((0x90200000 + ee_offset) + ee_size)), .cyeeprom data will not fit in EEPROM)

.cyflashprotect
                0x90400000      0x100
 *(.cyflashprotect)
 .cyflashprotect
                0x90400000      0x100 .\CortexM3\ARM_GCC_541\Debug\cymetadata.o
                0x90400000                cy_meta_flashprotect

.cymeta         0x90500000        0xc
 *(.cymeta)
 .cymeta        0x90500000        0xc .\CortexM3\ARM_GCC_541\Debug\cymetadata.o
                0x90500000                cy_metadata

.rel.dyn        0x00001c10        0x0 load address 0x9050000c
 .rel.iplt      0x00001c10        0x0 c:/program files (x86)/cypress/psoc creator/4.2/psoc creator/import/gnu/arm/5.4.1/bin/../lib/gcc/arm-none-eabi/5.4.1/armv7-m/crtbegin.o

.stab
 *(.stab)

.stabstr
 *(.stabstr)

.debug
 *(.debug)

.line
 *(.line)

.debug_srcinfo
 *(.debug_srcinfo)

.debug_sfnames
 *(.debug_sfnames)

.debug_aranges  0x00000000      0xc68
 *(.debug_aranges)
 .debug_aranges
                0x00000000       0x60 .\CortexM3\ARM_GCC_541\Debug\main.o
 .debug_aranges
                0x00000060       0x58 .\CortexM3\ARM_GCC_541\Debug\cyfitter_cfg.o
 .debug_aranges
                0x000000b8       0x18 .\CortexM3\ARM_GCC_541\Debug\cymetadata.o
 .debug_aranges
                0x000000d0       0x48 .\CortexM3\ARM_GCC_541\Debug\Cm3Start.o
 .debug_aranges
                0x00000118      0x2a0 .\CortexM3\ARM_GCC_541\Debug\Design01.a(CyLib.o)
 .debug_aranges
                0x000003b8       0x98 .\CortexM3\ARM_GCC_541\Debug\Design01.a(cyPm.o)
 .debug_aranges
                0x00000450       0x80 .\CortexM3\ARM_GCC_541\Debug\Design01.a(isrXP.o)
 .debug_aranges
                0x000004d0       0x80 .\CortexM3\ARM_GCC_541\Debug\Design01.a(isrXL.o)
 .debug_aranges
                0x00000550       0x80 .\CortexM3\ARM_GCC_541\Debug\Design01.a(isrYP.o)
 .debug_aranges
                0x000005d0       0x80 .\CortexM3\ARM_GCC_541\Debug\Design01.a(isrYL.o)
 .debug_aranges
                0x00000650       0x70 .\CortexM3\ARM_GCC_541\Debug\Design01.a(Clock_1.o)
 .debug_aranges
                0x000006c0       0x80 .\CortexM3\ARM_GCC_541\Debug\Design01.a(isrRx.o)
 .debug_aranges
                0x00000740       0xf0 .\CortexM3\ARM_GCC_541\Debug\Design01.a(UART.o)
 .debug_aranges
                0x00000830       0x28 .\CortexM3\ARM_GCC_541\Debug\Design01.a(UART_INT.o)
 .debug_aranges
                0x00000858       0x70 .\CortexM3\ARM_GCC_541\Debug\Design01.a(UART_IntClock.o)
 .debug_aranges
                0x000008c8       0xa8 .\CortexM3\ARM_GCC_541\Debug\Design01.a(PWM.o)
 .debug_aranges
                0x00000970       0x38 .\CortexM3\ARM_GCC_541\Debug\Design01.a(A1.o)
 .debug_aranges
                0x000009a8       0x38 .\CortexM3\ARM_GCC_541\Debug\Design01.a(B1.o)
 .debug_aranges
                0x000009e0       0x38 .\CortexM3\ARM_GCC_541\Debug\Design01.a(A2.o)
 .debug_aranges
                0x00000a18       0x38 .\CortexM3\ARM_GCC_541\Debug\Design01.a(B2.o)
 .debug_aranges
                0x00000a50       0x80 .\CortexM3\ARM_GCC_541\Debug\Design01.a(isrX.o)
 .debug_aranges
                0x00000ad0       0x80 .\CortexM3\ARM_GCC_541\Debug\Design01.a(isrY.o)
 .debug_aranges
                0x00000b50       0x20 .\CortexM3\ARM_GCC_541\Debug\Design01.a(CyBootAsmGnu.o)
 .debug_aranges
                0x00000b70       0x80 .\CortexM3\ARM_GCC_541\Debug\Design01.a(CyFlash.o)
 .debug_aranges
                0x00000bf0       0x78 .\CortexM3\ARM_GCC_541\Debug\Design01.a(CySpc.o)

.debug_pubnames
 *(.debug_pubnames)

.debug_info     0x00000000     0x693d
 *(.debug_info .gnu.linkonce.wi.*)
 .debug_info    0x00000000      0xb9d .\CortexM3\ARM_GCC_541\Debug\main.o
 .debug_info    0x00000b9d      0x5ca .\CortexM3\ARM_GCC_541\Debug\cyfitter_cfg.o
 .debug_info    0x00001167      0x138 .\CortexM3\ARM_GCC_541\Debug\cymetadata.o
 .debug_info    0x0000129f      0x3bb .\CortexM3\ARM_GCC_541\Debug\Cm3Start.o
 .debug_info    0x0000165a     0x1374 .\CortexM3\ARM_GCC_541\Debug\Design01.a(CyLib.o)
 .debug_info    0x000029ce      0xa2a .\CortexM3\ARM_GCC_541\Debug\Design01.a(cyPm.o)
 .debug_info    0x000033f8      0x2d2 .\CortexM3\ARM_GCC_541\Debug\Design01.a(isrXP.o)
 .debug_info    0x000036ca      0x2d2 .\CortexM3\ARM_GCC_541\Debug\Design01.a(isrXL.o)
 .debug_info    0x0000399c      0x2d2 .\CortexM3\ARM_GCC_541\Debug\Design01.a(isrYP.o)
 .debug_info    0x00003c6e      0x2d2 .\CortexM3\ARM_GCC_541\Debug\Design01.a(isrYL.o)
 .debug_info    0x00003f40      0x283 .\CortexM3\ARM_GCC_541\Debug\Design01.a(Clock_1.o)
 .debug_info    0x000041c3      0x2d2 .\CortexM3\ARM_GCC_541\Debug\Design01.a(isrRx.o)
 .debug_info    0x00004495      0x7be .\CortexM3\ARM_GCC_541\Debug\Design01.a(UART.o)
 .debug_info    0x00004c53      0x196 .\CortexM3\ARM_GCC_541\Debug\Design01.a(UART_INT.o)
 .debug_info    0x00004de9      0x283 .\CortexM3\ARM_GCC_541\Debug\Design01.a(UART_IntClock.o)
 .debug_info    0x0000506c      0x383 .\CortexM3\ARM_GCC_541\Debug\Design01.a(PWM.o)
 .debug_info    0x000053ef      0x11f .\CortexM3\ARM_GCC_541\Debug\Design01.a(A1.o)
 .debug_info    0x0000550e      0x11f .\CortexM3\ARM_GCC_541\Debug\Design01.a(B1.o)
 .debug_info    0x0000562d      0x11f .\CortexM3\ARM_GCC_541\Debug\Design01.a(A2.o)
 .debug_info    0x0000574c      0x11f .\CortexM3\ARM_GCC_541\Debug\Design01.a(B2.o)
 .debug_info    0x0000586b      0x2d2 .\CortexM3\ARM_GCC_541\Debug\Design01.a(isrX.o)
 .debug_info    0x00005b3d      0x2d2 .\CortexM3\ARM_GCC_541\Debug\Design01.a(isrY.o)
 .debug_info    0x00005e0f       0x8d .\CortexM3\ARM_GCC_541\Debug\Design01.a(CyBootAsmGnu.o)
 .debug_info    0x00005e9c      0x5b8 .\CortexM3\ARM_GCC_541\Debug\Design01.a(CyFlash.o)
 .debug_info    0x00006454      0x4e9 .\CortexM3\ARM_GCC_541\Debug\Design01.a(CySpc.o)

.debug_abbrev   0x00000000     0x1f10
 *(.debug_abbrev)
 .debug_abbrev  0x00000000      0x14a .\CortexM3\ARM_GCC_541\Debug\main.o
 .debug_abbrev  0x0000014a      0x20d .\CortexM3\ARM_GCC_541\Debug\cyfitter_cfg.o
 .debug_abbrev  0x00000357       0x77 .\CortexM3\ARM_GCC_541\Debug\cymetadata.o
 .debug_abbrev  0x000003ce      0x1e8 .\CortexM3\ARM_GCC_541\Debug\Cm3Start.o
 .debug_abbrev  0x000005b6      0x254 .\CortexM3\ARM_GCC_541\Debug\Design01.a(CyLib.o)
 .debug_abbrev  0x0000080a      0x1ab .\CortexM3\ARM_GCC_541\Debug\Design01.a(cyPm.o)
 .debug_abbrev  0x000009b5      0x173 .\CortexM3\ARM_GCC_541\Debug\Design01.a(isrXP.o)
 .debug_abbrev  0x00000b28      0x173 .\CortexM3\ARM_GCC_541\Debug\Design01.a(isrXL.o)
 .debug_abbrev  0x00000c9b      0x173 .\CortexM3\ARM_GCC_541\Debug\Design01.a(isrYP.o)
 .debug_abbrev  0x00000e0e      0x173 .\CortexM3\ARM_GCC_541\Debug\Design01.a(isrYL.o)
 .debug_abbrev  0x00000f81      0x139 .\CortexM3\ARM_GCC_541\Debug\Design01.a(Clock_1.o)
 .debug_abbrev  0x000010ba      0x173 .\CortexM3\ARM_GCC_541\Debug\Design01.a(isrRx.o)
 .debug_abbrev  0x0000122d      0x16f .\CortexM3\ARM_GCC_541\Debug\Design01.a(UART.o)
 .debug_abbrev  0x0000139c       0xa2 .\CortexM3\ARM_GCC_541\Debug\Design01.a(UART_INT.o)
 .debug_abbrev  0x0000143e      0x139 .\CortexM3\ARM_GCC_541\Debug\Design01.a(UART_IntClock.o)
 .debug_abbrev  0x00001577      0x133 .\CortexM3\ARM_GCC_541\Debug\Design01.a(PWM.o)
 .debug_abbrev  0x000016aa       0x90 .\CortexM3\ARM_GCC_541\Debug\Design01.a(A1.o)
 .debug_abbrev  0x0000173a       0x90 .\CortexM3\ARM_GCC_541\Debug\Design01.a(B1.o)
 .debug_abbrev  0x000017ca       0x90 .\CortexM3\ARM_GCC_541\Debug\Design01.a(A2.o)
 .debug_abbrev  0x0000185a       0x90 .\CortexM3\ARM_GCC_541\Debug\Design01.a(B2.o)
 .debug_abbrev  0x000018ea      0x173 .\CortexM3\ARM_GCC_541\Debug\Design01.a(isrX.o)
 .debug_abbrev  0x00001a5d      0x173 .\CortexM3\ARM_GCC_541\Debug\Design01.a(isrY.o)
 .debug_abbrev  0x00001bd0       0x14 .\CortexM3\ARM_GCC_541\Debug\Design01.a(CyBootAsmGnu.o)
 .debug_abbrev  0x00001be4      0x198 .\CortexM3\ARM_GCC_541\Debug\Design01.a(CyFlash.o)
 .debug_abbrev  0x00001d7c      0x194 .\CortexM3\ARM_GCC_541\Debug\Design01.a(CySpc.o)

.debug_line     0x00000000     0x2c50
 *(.debug_line)
 .debug_line    0x00000000      0x3c9 .\CortexM3\ARM_GCC_541\Debug\main.o
 .debug_line    0x000003c9      0x1f9 .\CortexM3\ARM_GCC_541\Debug\cyfitter_cfg.o
 .debug_line    0x000005c2      0x141 .\CortexM3\ARM_GCC_541\Debug\cymetadata.o
 .debug_line    0x00000703      0x234 .\CortexM3\ARM_GCC_541\Debug\Cm3Start.o
 .debug_line    0x00000937      0x816 .\CortexM3\ARM_GCC_541\Debug\Design01.a(CyLib.o)
 .debug_line    0x0000114d      0x367 .\CortexM3\ARM_GCC_541\Debug\Design01.a(cyPm.o)
 .debug_line    0x000014b4      0x132 .\CortexM3\ARM_GCC_541\Debug\Design01.a(isrXP.o)
 .debug_line    0x000015e6      0x132 .\CortexM3\ARM_GCC_541\Debug\Design01.a(isrXL.o)
 .debug_line    0x00001718      0x132 .\CortexM3\ARM_GCC_541\Debug\Design01.a(isrYP.o)
 .debug_line    0x0000184a      0x132 .\CortexM3\ARM_GCC_541\Debug\Design01.a(isrYL.o)
 .debug_line    0x0000197c      0x176 .\CortexM3\ARM_GCC_541\Debug\Design01.a(Clock_1.o)
 .debug_line    0x00001af2      0x132 .\CortexM3\ARM_GCC_541\Debug\Design01.a(isrRx.o)
 .debug_line    0x00001c24      0x33b .\CortexM3\ARM_GCC_541\Debug\Design01.a(UART.o)
 .debug_line    0x00001f5f       0xa5 .\CortexM3\ARM_GCC_541\Debug\Design01.a(UART_INT.o)
 .debug_line    0x00002004      0x17c .\CortexM3\ARM_GCC_541\Debug\Design01.a(UART_IntClock.o)
 .debug_line    0x00002180      0x1a7 .\CortexM3\ARM_GCC_541\Debug\Design01.a(PWM.o)
 .debug_line    0x00002327       0x8f .\CortexM3\ARM_GCC_541\Debug\Design01.a(A1.o)
 .debug_line    0x000023b6       0x8f .\CortexM3\ARM_GCC_541\Debug\Design01.a(B1.o)
 .debug_line    0x00002445       0x8f .\CortexM3\ARM_GCC_541\Debug\Design01.a(A2.o)
 .debug_line    0x000024d4       0x8f .\CortexM3\ARM_GCC_541\Debug\Design01.a(B2.o)
 .debug_line    0x00002563      0x131 .\CortexM3\ARM_GCC_541\Debug\Design01.a(isrX.o)
 .debug_line    0x00002694      0x131 .\CortexM3\ARM_GCC_541\Debug\Design01.a(isrY.o)
 .debug_line    0x000027c5       0x66 .\CortexM3\ARM_GCC_541\Debug\Design01.a(CyBootAsmGnu.o)
 .debug_line    0x0000282b      0x1e9 .\CortexM3\ARM_GCC_541\Debug\Design01.a(CyFlash.o)
 .debug_line    0x00002a14      0x23c .\CortexM3\ARM_GCC_541\Debug\Design01.a(CySpc.o)

.debug_frame    0x00000000     0x1e14
 *(.debug_frame)
 .debug_frame   0x00000000       0xcc .\CortexM3\ARM_GCC_541\Debug\main.o
 .debug_frame   0x000000cc       0xe4 .\CortexM3\ARM_GCC_541\Debug\cyfitter_cfg.o
 .debug_frame   0x000001b0       0xb8 .\CortexM3\ARM_GCC_541\Debug\Cm3Start.o
 .debug_frame   0x00000268      0x738 .\CortexM3\ARM_GCC_541\Debug\Design01.a(CyLib.o)
 .debug_frame   0x000009a0      0x1f8 .\CortexM3\ARM_GCC_541\Debug\Design01.a(cyPm.o)
 .debug_frame   0x00000b98      0x104 .\CortexM3\ARM_GCC_541\Debug\Design01.a(isrXP.o)
 .debug_frame   0x00000c9c      0x104 .\CortexM3\ARM_GCC_541\Debug\Design01.a(isrXL.o)
 .debug_frame   0x00000da0      0x104 .\CortexM3\ARM_GCC_541\Debug\Design01.a(isrYP.o)
 .debug_frame   0x00000ea4      0x104 .\CortexM3\ARM_GCC_541\Debug\Design01.a(isrYL.o)
 .debug_frame   0x00000fa8       0xe0 .\CortexM3\ARM_GCC_541\Debug\Design01.a(Clock_1.o)
 .debug_frame   0x00001088      0x104 .\CortexM3\ARM_GCC_541\Debug\Design01.a(isrRx.o)
 .debug_frame   0x0000118c      0x25c .\CortexM3\ARM_GCC_541\Debug\Design01.a(UART.o)
 .debug_frame   0x000013e8       0x30 .\CortexM3\ARM_GCC_541\Debug\Design01.a(UART_INT.o)
 .debug_frame   0x00001418       0xe0 .\CortexM3\ARM_GCC_541\Debug\Design01.a(UART_IntClock.o)
 .debug_frame   0x000014f8      0x154 .\CortexM3\ARM_GCC_541\Debug\Design01.a(PWM.o)
 .debug_frame   0x0000164c       0x50 .\CortexM3\ARM_GCC_541\Debug\Design01.a(A1.o)
 .debug_frame   0x0000169c       0x50 .\CortexM3\ARM_GCC_541\Debug\Design01.a(B1.o)
 .debug_frame   0x000016ec       0x50 .\CortexM3\ARM_GCC_541\Debug\Design01.a(A2.o)
 .debug_frame   0x0000173c       0x50 .\CortexM3\ARM_GCC_541\Debug\Design01.a(B2.o)
 .debug_frame   0x0000178c      0x104 .\CortexM3\ARM_GCC_541\Debug\Design01.a(isrX.o)
 .debug_frame   0x00001890      0x104 .\CortexM3\ARM_GCC_541\Debug\Design01.a(isrY.o)
 .debug_frame   0x00001994      0x174 .\CortexM3\ARM_GCC_541\Debug\Design01.a(CyFlash.o)
 .debug_frame   0x00001b08      0x160 .\CortexM3\ARM_GCC_541\Debug\Design01.a(CySpc.o)
 .debug_frame   0x00001c68       0x30 c:/program files (x86)/cypress/psoc creator/4.2/psoc creator/import/gnu/arm/5.4.1/bin/../lib/gcc/arm-none-eabi/5.4.1/../../../../arm-none-eabi/lib/armv7-m\libg_nano.a(lib_a-atoi.o)
 .debug_frame   0x00001c98       0x20 c:/program files (x86)/cypress/psoc creator/4.2/psoc creator/import/gnu/arm/5.4.1/bin/../lib/gcc/arm-none-eabi/5.4.1/../../../../arm-none-eabi/lib/armv7-m\libg_nano.a(lib_a-errno.o)
 .debug_frame   0x00001cb8       0x28 c:/program files (x86)/cypress/psoc creator/4.2/psoc creator/import/gnu/arm/5.4.1/bin/../lib/gcc/arm-none-eabi/5.4.1/../../../../arm-none-eabi/lib/armv7-m\libg_nano.a(lib_a-exit.o)
 .debug_frame   0x00001ce0       0x2c c:/program files (x86)/cypress/psoc creator/4.2/psoc creator/import/gnu/arm/5.4.1/bin/../lib/gcc/arm-none-eabi/5.4.1/../../../../arm-none-eabi/lib/armv7-m\libg_nano.a(lib_a-init.o)
 .debug_frame   0x00001d0c       0x38 c:/program files (x86)/cypress/psoc creator/4.2/psoc creator/import/gnu/arm/5.4.1/bin/../lib/gcc/arm-none-eabi/5.4.1/../../../../arm-none-eabi/lib/armv7-m\libg_nano.a(lib_a-itoa.o)
 .debug_frame   0x00001d44       0x28 c:/program files (x86)/cypress/psoc creator/4.2/psoc creator/import/gnu/arm/5.4.1/bin/../lib/gcc/arm-none-eabi/5.4.1/../../../../arm-none-eabi/lib/armv7-m\libg_nano.a(lib_a-memcpy-stub.o)
 .debug_frame   0x00001d6c       0x20 c:/program files (x86)/cypress/psoc creator/4.2/psoc creator/import/gnu/arm/5.4.1/bin/../lib/gcc/arm-none-eabi/5.4.1/../../../../arm-none-eabi/lib/armv7-m\libg_nano.a(lib_a-memset.o)
 .debug_frame   0x00001d8c       0x44 c:/program files (x86)/cypress/psoc creator/4.2/psoc creator/import/gnu/arm/5.4.1/bin/../lib/gcc/arm-none-eabi/5.4.1/../../../../arm-none-eabi/lib/armv7-m\libg_nano.a(lib_a-strtol.o)
 .debug_frame   0x00001dd0       0x44 c:/program files (x86)/cypress/psoc creator/4.2/psoc creator/import/gnu/arm/5.4.1/bin/../lib/gcc/arm-none-eabi/5.4.1/../../../../arm-none-eabi/lib/armv7-m\libg_nano.a(lib_a-utoa.o)

.debug_str      0x00000000     0x2437
 *(.debug_str)
 .debug_str     0x00000000      0x3e8 .\CortexM3\ARM_GCC_541\Debug\main.o
                                0x430 (size before relaxing)
 .debug_str     0x000003e8      0x201 .\CortexM3\ARM_GCC_541\Debug\cyfitter_cfg.o
                                0x347 (size before relaxing)
 .debug_str     0x000005e9       0x7f .\CortexM3\ARM_GCC_541\Debug\cymetadata.o
                                0x1e1 (size before relaxing)
 .debug_str     0x00000668      0x13e .\CortexM3\ARM_GCC_541\Debug\Cm3Start.o
                                0x307 (size before relaxing)
 .debug_str     0x000007a6      0x845 .\CortexM3\ARM_GCC_541\Debug\Design01.a(CyLib.o)
                                0xa44 (size before relaxing)
 .debug_str     0x00000feb      0x365 .\CortexM3\ARM_GCC_541\Debug\Design01.a(cyPm.o)
                                0x730 (size before relaxing)
 .debug_str     0x00001350       0xd8 .\CortexM3\ARM_GCC_541\Debug\Design01.a(isrXP.o)
                                0x2a3 (size before relaxing)
 .debug_str     0x00001428       0xd8 .\CortexM3\ARM_GCC_541\Debug\Design01.a(isrXL.o)
                                0x2a3 (size before relaxing)
 .debug_str     0x00001500       0xd8 .\CortexM3\ARM_GCC_541\Debug\Design01.a(isrYP.o)
                                0x2a3 (size before relaxing)
 .debug_str     0x000015d8       0xd8 .\CortexM3\ARM_GCC_541\Debug\Design01.a(isrYL.o)
                                0x2a3 (size before relaxing)
 .debug_str     0x000016b0      0x154 .\CortexM3\ARM_GCC_541\Debug\Design01.a(Clock_1.o)
                                0x2eb (size before relaxing)
 .debug_str     0x00001804       0xd8 .\CortexM3\ARM_GCC_541\Debug\Design01.a(isrRx.o)
                                0x2a3 (size before relaxing)
 .debug_str     0x000018dc      0x369 .\CortexM3\ARM_GCC_541\Debug\Design01.a(UART.o)
                                0x595 (size before relaxing)
 .debug_str     0x00001c45       0x5e .\CortexM3\ARM_GCC_541\Debug\Design01.a(UART_INT.o)
                                0x286 (size before relaxing)
 .debug_str     0x00001ca3      0x138 .\CortexM3\ARM_GCC_541\Debug\Design01.a(UART_IntClock.o)
                                0x333 (size before relaxing)
 .debug_str     0x00001ddb      0x167 .\CortexM3\ARM_GCC_541\Debug\Design01.a(PWM.o)
                                0x34d (size before relaxing)
 .debug_str     0x00001f42       0x4e .\CortexM3\ARM_GCC_541\Debug\Design01.a(A1.o)
                                0x1d0 (size before relaxing)
 .debug_str     0x00001f90       0x43 .\CortexM3\ARM_GCC_541\Debug\Design01.a(B1.o)
                                0x1d0 (size before relaxing)
 .debug_str     0x00001fd3       0x43 .\CortexM3\ARM_GCC_541\Debug\Design01.a(A2.o)
                                0x1d0 (size before relaxing)
 .debug_str     0x00002016       0x43 .\CortexM3\ARM_GCC_541\Debug\Design01.a(B2.o)
                                0x1d0 (size before relaxing)
 .debug_str     0x00002059       0xcb .\CortexM3\ARM_GCC_541\Debug\Design01.a(isrX.o)
                                0x295 (size before relaxing)
 .debug_str     0x00002124       0xcb .\CortexM3\ARM_GCC_541\Debug\Design01.a(isrY.o)
                                0x295 (size before relaxing)
 .debug_str     0x000021ef      0x19c .\CortexM3\ARM_GCC_541\Debug\Design01.a(CyFlash.o)
                                0x39e (size before relaxing)
 .debug_str     0x0000238b       0xac .\CortexM3\ARM_GCC_541\Debug\Design01.a(CySpc.o)
                                0x327 (size before relaxing)

.debug_loc      0x00000000     0x227f
 *(.debug_loc)
 .debug_loc     0x00000000       0x21 .\CortexM3\ARM_GCC_541\Debug\main.o
 .debug_loc     0x00000021      0x259 .\CortexM3\ARM_GCC_541\Debug\cyfitter_cfg.o
 .debug_loc     0x0000027a      0x144 .\CortexM3\ARM_GCC_541\Debug\Cm3Start.o
 .debug_loc     0x000003be      0xa11 .\CortexM3\ARM_GCC_541\Debug\Design01.a(CyLib.o)
 .debug_loc     0x00000dcf      0x1e4 .\CortexM3\ARM_GCC_541\Debug\Design01.a(cyPm.o)
 .debug_loc     0x00000fb3       0x56 .\CortexM3\ARM_GCC_541\Debug\Design01.a(isrXP.o)
 .debug_loc     0x00001009       0x56 .\CortexM3\ARM_GCC_541\Debug\Design01.a(isrXL.o)
 .debug_loc     0x0000105f       0x56 .\CortexM3\ARM_GCC_541\Debug\Design01.a(isrYP.o)
 .debug_loc     0x000010b5       0x56 .\CortexM3\ARM_GCC_541\Debug\Design01.a(isrYL.o)
 .debug_loc     0x0000110b      0x12c .\CortexM3\ARM_GCC_541\Debug\Design01.a(Clock_1.o)
 .debug_loc     0x00001237       0x56 .\CortexM3\ARM_GCC_541\Debug\Design01.a(isrRx.o)
 .debug_loc     0x0000128d      0x36c .\CortexM3\ARM_GCC_541\Debug\Design01.a(UART.o)
 .debug_loc     0x000015f9       0x45 .\CortexM3\ARM_GCC_541\Debug\Design01.a(UART_INT.o)
 .debug_loc     0x0000163e      0x128 .\CortexM3\ARM_GCC_541\Debug\Design01.a(UART_IntClock.o)
 .debug_loc     0x00001766       0x26 .\CortexM3\ARM_GCC_541\Debug\Design01.a(PWM.o)
 .debug_loc     0x0000178c       0x42 .\CortexM3\ARM_GCC_541\Debug\Design01.a(A1.o)
 .debug_loc     0x000017ce       0x42 .\CortexM3\ARM_GCC_541\Debug\Design01.a(B1.o)
 .debug_loc     0x00001810       0x42 .\CortexM3\ARM_GCC_541\Debug\Design01.a(A2.o)
 .debug_loc     0x00001852       0x42 .\CortexM3\ARM_GCC_541\Debug\Design01.a(B2.o)
 .debug_loc     0x00001894       0x56 .\CortexM3\ARM_GCC_541\Debug\Design01.a(isrX.o)
 .debug_loc     0x000018ea       0x56 .\CortexM3\ARM_GCC_541\Debug\Design01.a(isrY.o)
 .debug_loc     0x00001940      0x2f2 .\CortexM3\ARM_GCC_541\Debug\Design01.a(CyFlash.o)
 .debug_loc     0x00001c32      0x64d .\CortexM3\ARM_GCC_541\Debug\Design01.a(CySpc.o)

.debug_macinfo
 *(.debug_macinfo)

.debug_ranges   0x00000000      0xac0
 *(.debug_ranges)
 .debug_ranges  0x00000000       0x50 .\CortexM3\ARM_GCC_541\Debug\main.o
 .debug_ranges  0x00000050       0x48 .\CortexM3\ARM_GCC_541\Debug\cyfitter_cfg.o
 .debug_ranges  0x00000098       0x38 .\CortexM3\ARM_GCC_541\Debug\Cm3Start.o
 .debug_ranges  0x000000d0      0x290 .\CortexM3\ARM_GCC_541\Debug\Design01.a(CyLib.o)
 .debug_ranges  0x00000360       0x88 .\CortexM3\ARM_GCC_541\Debug\Design01.a(cyPm.o)
 .debug_ranges  0x000003e8       0x70 .\CortexM3\ARM_GCC_541\Debug\Design01.a(isrXP.o)
 .debug_ranges  0x00000458       0x70 .\CortexM3\ARM_GCC_541\Debug\Design01.a(isrXL.o)
 .debug_ranges  0x000004c8       0x70 .\CortexM3\ARM_GCC_541\Debug\Design01.a(isrYP.o)
 .debug_ranges  0x00000538       0x70 .\CortexM3\ARM_GCC_541\Debug\Design01.a(isrYL.o)
 .debug_ranges  0x000005a8       0x60 .\CortexM3\ARM_GCC_541\Debug\Design01.a(Clock_1.o)
 .debug_ranges  0x00000608       0x70 .\CortexM3\ARM_GCC_541\Debug\Design01.a(isrRx.o)
 .debug_ranges  0x00000678       0xe0 .\CortexM3\ARM_GCC_541\Debug\Design01.a(UART.o)
 .debug_ranges  0x00000758       0x18 .\CortexM3\ARM_GCC_541\Debug\Design01.a(UART_INT.o)
 .debug_ranges  0x00000770       0x60 .\CortexM3\ARM_GCC_541\Debug\Design01.a(UART_IntClock.o)
 .debug_ranges  0x000007d0       0x98 .\CortexM3\ARM_GCC_541\Debug\Design01.a(PWM.o)
 .debug_ranges  0x00000868       0x28 .\CortexM3\ARM_GCC_541\Debug\Design01.a(A1.o)
 .debug_ranges  0x00000890       0x28 .\CortexM3\ARM_GCC_541\Debug\Design01.a(B1.o)
 .debug_ranges  0x000008b8       0x28 .\CortexM3\ARM_GCC_541\Debug\Design01.a(A2.o)
 .debug_ranges  0x000008e0       0x28 .\CortexM3\ARM_GCC_541\Debug\Design01.a(B2.o)
 .debug_ranges  0x00000908       0x70 .\CortexM3\ARM_GCC_541\Debug\Design01.a(isrX.o)
 .debug_ranges  0x00000978       0x70 .\CortexM3\ARM_GCC_541\Debug\Design01.a(isrY.o)
 .debug_ranges  0x000009e8       0x70 .\CortexM3\ARM_GCC_541\Debug\Design01.a(CyFlash.o)
 .debug_ranges  0x00000a58       0x68 .\CortexM3\ARM_GCC_541\Debug\Design01.a(CySpc.o)

.comment        0x00000000       0x6e
 .comment       0x00000000       0x6e .\CortexM3\ARM_GCC_541\Debug\main.o
                                 0x6f (size before relaxing)
 .comment       0x0000006e       0x6f .\CortexM3\ARM_GCC_541\Debug\cyfitter_cfg.o
 .comment       0x0000006e       0x6f .\CortexM3\ARM_GCC_541\Debug\cymetadata.o
 .comment       0x0000006e       0x6f .\CortexM3\ARM_GCC_541\Debug\Cm3Start.o
 .comment       0x0000006e       0x6f .\CortexM3\ARM_GCC_541\Debug\Design01.a(CyLib.o)
 .comment       0x0000006e       0x6f .\CortexM3\ARM_GCC_541\Debug\Design01.a(cyPm.o)
 .comment       0x0000006e       0x6f .\CortexM3\ARM_GCC_541\Debug\Design01.a(isrXP.o)
 .comment       0x0000006e       0x6f .\CortexM3\ARM_GCC_541\Debug\Design01.a(isrXL.o)
 .comment       0x0000006e       0x6f .\CortexM3\ARM_GCC_541\Debug\Design01.a(isrYP.o)
 .comment       0x0000006e       0x6f .\CortexM3\ARM_GCC_541\Debug\Design01.a(isrYL.o)
 .comment       0x0000006e       0x6f .\CortexM3\ARM_GCC_541\Debug\Design01.a(Clock_1.o)
 .comment       0x0000006e       0x6f .\CortexM3\ARM_GCC_541\Debug\Design01.a(isrRx.o)
 .comment       0x0000006e       0x6f .\CortexM3\ARM_GCC_541\Debug\Design01.a(UART.o)
 .comment       0x0000006e       0x6f .\CortexM3\ARM_GCC_541\Debug\Design01.a(UART_INT.o)
 .comment       0x0000006e       0x6f .\CortexM3\ARM_GCC_541\Debug\Design01.a(UART_IntClock.o)
 .comment       0x0000006e       0x6f .\CortexM3\ARM_GCC_541\Debug\Design01.a(PWM.o)
 .comment       0x0000006e       0x6f .\CortexM3\ARM_GCC_541\Debug\Design01.a(A1.o)
 .comment       0x0000006e       0x6f .\CortexM3\ARM_GCC_541\Debug\Design01.a(B1.o)
 .comment       0x0000006e       0x6f .\CortexM3\ARM_GCC_541\Debug\Design01.a(A2.o)
 .comment       0x0000006e       0x6f .\CortexM3\ARM_GCC_541\Debug\Design01.a(B2.o)
 .comment       0x0000006e       0x6f .\CortexM3\ARM_GCC_541\Debug\Design01.a(isrX.o)
 .comment       0x0000006e       0x6f .\CortexM3\ARM_GCC_541\Debug\Design01.a(isrY.o)
 .comment       0x0000006e       0x6f .\CortexM3\ARM_GCC_541\Debug\Design01.a(CyFlash.o)
 .comment       0x0000006e       0x6f .\CortexM3\ARM_GCC_541\Debug\Design01.a(CySpc.o)

.debug_weaknames
 *(.debug_weaknames)

.debug_funcnames
 *(.debug_funcnames)

.debug_typenames
 *(.debug_typenames)

.debug_varnames
 *(.debug_varnames)

.note.gnu.arm.ident
 *(.note.gnu.arm.ident)

.ARM.attributes
                0x00000000       0x29
 *(.ARM.attributes)
 .ARM.attributes
                0x00000000       0x1d c:/program files (x86)/cypress/psoc creator/4.2/psoc creator/import/gnu/arm/5.4.1/bin/../lib/gcc/arm-none-eabi/5.4.1/armv7-m/crti.o
 .ARM.attributes
                0x0000001d       0x2d c:/program files (x86)/cypress/psoc creator/4.2/psoc creator/import/gnu/arm/5.4.1/bin/../lib/gcc/arm-none-eabi/5.4.1/armv7-m/crtbegin.o
 .ARM.attributes
                0x0000004a       0x1b c:/program files (x86)/cypress/psoc creator/4.2/psoc creator/import/gnu/arm/5.4.1/bin/../lib/gcc/arm-none-eabi/5.4.1/../../../../arm-none-eabi/lib/armv7-m/crt0.o
 .ARM.attributes
                0x00000065       0x33 .\CortexM3\ARM_GCC_541\Debug\main.o
 .ARM.attributes
                0x00000098       0x33 .\CortexM3\ARM_GCC_541\Debug\cyfitter_cfg.o
 .ARM.attributes
                0x000000cb       0x33 .\CortexM3\ARM_GCC_541\Debug\cymetadata.o
 .ARM.attributes
                0x000000fe       0x33 .\CortexM3\ARM_GCC_541\Debug\Cm3Start.o
 .ARM.attributes
                0x00000131       0x33 .\CortexM3\ARM_GCC_541\Debug\Design01.a(CyLib.o)
 .ARM.attributes
                0x00000164       0x33 .\CortexM3\ARM_GCC_541\Debug\Design01.a(cyPm.o)
 .ARM.attributes
                0x00000197       0x33 .\CortexM3\ARM_GCC_541\Debug\Design01.a(isrXP.o)
 .ARM.attributes
                0x000001ca       0x33 .\CortexM3\ARM_GCC_541\Debug\Design01.a(isrXL.o)
 .ARM.attributes
                0x000001fd       0x33 .\CortexM3\ARM_GCC_541\Debug\Design01.a(isrYP.o)
 .ARM.attributes
                0x00000230       0x33 .\CortexM3\ARM_GCC_541\Debug\Design01.a(isrYL.o)
 .ARM.attributes
                0x00000263       0x33 .\CortexM3\ARM_GCC_541\Debug\Design01.a(Clock_1.o)
 .ARM.attributes
                0x00000296       0x33 .\CortexM3\ARM_GCC_541\Debug\Design01.a(isrRx.o)
 .ARM.attributes
                0x000002c9       0x33 .\CortexM3\ARM_GCC_541\Debug\Design01.a(UART.o)
 .ARM.attributes
                0x000002fc       0x33 .\CortexM3\ARM_GCC_541\Debug\Design01.a(UART_INT.o)
 .ARM.attributes
                0x0000032f       0x33 .\CortexM3\ARM_GCC_541\Debug\Design01.a(UART_IntClock.o)
 .ARM.attributes
                0x00000362       0x33 .\CortexM3\ARM_GCC_541\Debug\Design01.a(PWM.o)
 .ARM.attributes
                0x00000395       0x33 .\CortexM3\ARM_GCC_541\Debug\Design01.a(A1.o)
 .ARM.attributes
                0x000003c8       0x33 .\CortexM3\ARM_GCC_541\Debug\Design01.a(B1.o)
 .ARM.attributes
                0x000003fb       0x33 .\CortexM3\ARM_GCC_541\Debug\Design01.a(A2.o)
 .ARM.attributes
                0x0000042e       0x33 .\CortexM3\ARM_GCC_541\Debug\Design01.a(B2.o)
 .ARM.attributes
                0x00000461       0x33 .\CortexM3\ARM_GCC_541\Debug\Design01.a(isrX.o)
 .ARM.attributes
                0x00000494       0x33 .\CortexM3\ARM_GCC_541\Debug\Design01.a(isrY.o)
 .ARM.attributes
                0x000004c7       0x21 .\CortexM3\ARM_GCC_541\Debug\Design01.a(CyBootAsmGnu.o)
 .ARM.attributes
                0x000004e8       0x33 .\CortexM3\ARM_GCC_541\Debug\Design01.a(CyFlash.o)
 .ARM.attributes
                0x0000051b       0x33 .\CortexM3\ARM_GCC_541\Debug\Design01.a(CySpc.o)
 .ARM.attributes
                0x0000054e       0x1d c:/program files (x86)/cypress/psoc creator/4.2/psoc creator/import/gnu/arm/5.4.1/bin/../lib/gcc/arm-none-eabi/5.4.1/armv7-m\libgcc.a(_arm_addsubdf3.o)
 .ARM.attributes
                0x0000056b       0x1d c:/program files (x86)/cypress/psoc creator/4.2/psoc creator/import/gnu/arm/5.4.1/bin/../lib/gcc/arm-none-eabi/5.4.1/armv7-m\libgcc.a(_arm_muldivdf3.o)
 .ARM.attributes
                0x00000588       0x1d c:/program files (x86)/cypress/psoc creator/4.2/psoc creator/import/gnu/arm/5.4.1/bin/../lib/gcc/arm-none-eabi/5.4.1/armv7-m\libgcc.a(_arm_fixdfsi.o)
 .ARM.attributes
                0x000005a5       0x2d c:/program files (x86)/cypress/psoc creator/4.2/psoc creator/import/gnu/arm/5.4.1/bin/../lib/gcc/arm-none-eabi/5.4.1/../../../../arm-none-eabi/lib/armv7-m\libg_nano.a(lib_a-atoi.o)
 .ARM.attributes
                0x000005d2       0x2d c:/program files (x86)/cypress/psoc creator/4.2/psoc creator/import/gnu/arm/5.4.1/bin/../lib/gcc/arm-none-eabi/5.4.1/../../../../arm-none-eabi/lib/armv7-m\libg_nano.a(lib_a-errno.o)
 .ARM.attributes
                0x000005ff       0x2d c:/program files (x86)/cypress/psoc creator/4.2/psoc creator/import/gnu/arm/5.4.1/bin/../lib/gcc/arm-none-eabi/5.4.1/../../../../arm-none-eabi/lib/armv7-m\libg_nano.a(lib_a-exit.o)
 .ARM.attributes
                0x0000062c       0x2d c:/program files (x86)/cypress/psoc creator/4.2/psoc creator/import/gnu/arm/5.4.1/bin/../lib/gcc/arm-none-eabi/5.4.1/../../../../arm-none-eabi/lib/armv7-m\libg_nano.a(lib_a-impure.o)
 .ARM.attributes
                0x00000659       0x2d c:/program files (x86)/cypress/psoc creator/4.2/psoc creator/import/gnu/arm/5.4.1/bin/../lib/gcc/arm-none-eabi/5.4.1/../../../../arm-none-eabi/lib/armv7-m\libg_nano.a(lib_a-init.o)
 .ARM.attributes
                0x00000686       0x2d c:/program files (x86)/cypress/psoc creator/4.2/psoc creator/import/gnu/arm/5.4.1/bin/../lib/gcc/arm-none-eabi/5.4.1/../../../../arm-none-eabi/lib/armv7-m\libg_nano.a(lib_a-itoa.o)
 .ARM.attributes
                0x000006b3       0x2d c:/program files (x86)/cypress/psoc creator/4.2/psoc creator/import/gnu/arm/5.4.1/bin/../lib/gcc/arm-none-eabi/5.4.1/../../../../arm-none-eabi/lib/armv7-m\libg_nano.a(lib_a-memcpy-stub.o)
 .ARM.attributes
                0x000006e0       0x2d c:/program files (x86)/cypress/psoc creator/4.2/psoc creator/import/gnu/arm/5.4.1/bin/../lib/gcc/arm-none-eabi/5.4.1/../../../../arm-none-eabi/lib/armv7-m\libg_nano.a(lib_a-memset.o)
 .ARM.attributes
                0x0000070d       0x2d c:/program files (x86)/cypress/psoc creator/4.2/psoc creator/import/gnu/arm/5.4.1/bin/../lib/gcc/arm-none-eabi/5.4.1/../../../../arm-none-eabi/lib/armv7-m\libg_nano.a(lib_a-strtol.o)
 .ARM.attributes
                0x0000073a       0x2d c:/program files (x86)/cypress/psoc creator/4.2/psoc creator/import/gnu/arm/5.4.1/bin/../lib/gcc/arm-none-eabi/5.4.1/../../../../arm-none-eabi/lib/armv7-m\libg_nano.a(lib_a-utoa.o)
 .ARM.attributes
                0x00000767       0x2d c:/program files (x86)/cypress/psoc creator/4.2/psoc creator/import/gnu/arm/5.4.1/bin/../lib/gcc/arm-none-eabi/5.4.1/../../../../arm-none-eabi/lib/armv7-m\libg_nano.a(lib_a-ctype_.o)
 .ARM.attributes
                0x00000794       0x2d c:/program files (x86)/cypress/psoc creator/4.2/psoc creator/import/gnu/arm/5.4.1/bin/../lib/gcc/arm-none-eabi/5.4.1/armv7-m/crtend.o
 .ARM.attributes
                0x000007c1       0x1d c:/program files (x86)/cypress/psoc creator/4.2/psoc creator/import/gnu/arm/5.4.1/bin/../lib/gcc/arm-none-eabi/5.4.1/armv7-m/crtn.o

/DISCARD/
 *(.note.GNU-stack)
OUTPUT(C:\Users\Klukk-TP\Documents\tesis\psoc\psoc RST\Design01.cydsn\CortexM3\ARM_GCC_541\Debug\Design01.elf elf32-littlearm)
