Archive member included to satisfy reference by file (symbol)

.\CortexM3\ARM_GCC_541\Debug\Design01.a(CyLib.o)
                              .\CortexM3\ARM_GCC_541\Debug\Cm3Start.o (CyHalt)
.\CortexM3\ARM_GCC_541\Debug\Design01.a(cyPm.o)
                              .\CortexM3\ARM_GCC_541\Debug\Design01.a(CyLib.o) (CyPmReadStatus)
.\CortexM3\ARM_GCC_541\Debug\Design01.a(isrXP.o)
                              .\CortexM3\ARM_GCC_541\Debug\main.o (isrXP_StartEx)
.\CortexM3\ARM_GCC_541\Debug\Design01.a(isrXL.o)
                              .\CortexM3\ARM_GCC_541\Debug\main.o (isrXL_StartEx)
.\CortexM3\ARM_GCC_541\Debug\Design01.a(isrYP.o)
                              .\CortexM3\ARM_GCC_541\Debug\main.o (isrYP_StartEx)
.\CortexM3\ARM_GCC_541\Debug\Design01.a(isrYL.o)
                              .\CortexM3\ARM_GCC_541\Debug\main.o (isrYL_StartEx)
.\CortexM3\ARM_GCC_541\Debug\Design01.a(Clock_1.o)
                              .\CortexM3\ARM_GCC_541\Debug\main.o (Clock_1_Start)
.\CortexM3\ARM_GCC_541\Debug\Design01.a(isrRx.o)
                              .\CortexM3\ARM_GCC_541\Debug\main.o (isrRx_StartEx)
.\CortexM3\ARM_GCC_541\Debug\Design01.a(UART.o)
                              .\CortexM3\ARM_GCC_541\Debug\main.o (UART_Start)
.\CortexM3\ARM_GCC_541\Debug\Design01.a(UART_INT.o)
                              .\CortexM3\ARM_GCC_541\Debug\Design01.a(UART.o) (UART_RXISR)
.\CortexM3\ARM_GCC_541\Debug\Design01.a(UART_IntClock.o)
                              .\CortexM3\ARM_GCC_541\Debug\Design01.a(UART.o) (UART_IntClock_Start)
.\CortexM3\ARM_GCC_541\Debug\Design01.a(PWM.o)
                              .\CortexM3\ARM_GCC_541\Debug\main.o (PWM_WriteCompare1)
.\CortexM3\ARM_GCC_541\Debug\Design01.a(A1.o)
                              .\CortexM3\ARM_GCC_541\Debug\main.o (A1_Write)
.\CortexM3\ARM_GCC_541\Debug\Design01.a(B1.o)
                              .\CortexM3\ARM_GCC_541\Debug\main.o (B1_Write)
.\CortexM3\ARM_GCC_541\Debug\Design01.a(A2.o)
                              .\CortexM3\ARM_GCC_541\Debug\main.o (A2_Write)
.\CortexM3\ARM_GCC_541\Debug\Design01.a(B2.o)
                              .\CortexM3\ARM_GCC_541\Debug\main.o (B2_Write)
.\CortexM3\ARM_GCC_541\Debug\Design01.a(CyBootAsmGnu.o)
                              .\CortexM3\ARM_GCC_541\Debug\cyfitter_cfg.o (CyDelayCycles)
.\CortexM3\ARM_GCC_541\Debug\Design01.a(CyFlash.o)
                              .\CortexM3\ARM_GCC_541\Debug\Design01.a(cyPm.o) (CyFlash_SetWaitCycles)
.\CortexM3\ARM_GCC_541\Debug\Design01.a(CySpc.o)
                              .\CortexM3\ARM_GCC_541\Debug\Design01.a(CyFlash.o) (CySpcStart)
c:/program files (x86)/cypress/psoc creator/4.2/psoc creator/import/gnu/arm/5.4.1/bin/../lib/gcc/arm-none-eabi/5.4.1/../../../../arm-none-eabi/lib/armv7-m\libg_nano.a(lib_a-atoi.o)
                              .\CortexM3\ARM_GCC_541\Debug\main.o (atoi)
c:/program files (x86)/cypress/psoc creator/4.2/psoc creator/import/gnu/arm/5.4.1/bin/../lib/gcc/arm-none-eabi/5.4.1/../../../../arm-none-eabi/lib/armv7-m\libg_nano.a(lib_a-errno.o)
                              .\CortexM3\ARM_GCC_541\Debug\Cm3Start.o (__errno)
c:/program files (x86)/cypress/psoc creator/4.2/psoc creator/import/gnu/arm/5.4.1/bin/../lib/gcc/arm-none-eabi/5.4.1/../../../../arm-none-eabi/lib/armv7-m\libg_nano.a(lib_a-exit.o)
                              c:/program files (x86)/cypress/psoc creator/4.2/psoc creator/import/gnu/arm/5.4.1/bin/../lib/gcc/arm-none-eabi/5.4.1/../../../../arm-none-eabi/lib/armv7-m/crt0.o (exit)
c:/program files (x86)/cypress/psoc creator/4.2/psoc creator/import/gnu/arm/5.4.1/bin/../lib/gcc/arm-none-eabi/5.4.1/../../../../arm-none-eabi/lib/armv7-m\libg_nano.a(lib_a-impure.o)
                              c:/program files (x86)/cypress/psoc creator/4.2/psoc creator/import/gnu/arm/5.4.1/bin/../lib/gcc/arm-none-eabi/5.4.1/../../../../arm-none-eabi/lib/armv7-m\libg_nano.a(lib_a-exit.o) (_global_impure_ptr)
c:/program files (x86)/cypress/psoc creator/4.2/psoc creator/import/gnu/arm/5.4.1/bin/../lib/gcc/arm-none-eabi/5.4.1/../../../../arm-none-eabi/lib/armv7-m\libg_nano.a(lib_a-init.o)
                              c:/program files (x86)/cypress/psoc creator/4.2/psoc creator/import/gnu/arm/5.4.1/bin/../lib/gcc/arm-none-eabi/5.4.1/../../../../arm-none-eabi/lib/armv7-m/crt0.o (__libc_init_array)
c:/program files (x86)/cypress/psoc creator/4.2/psoc creator/import/gnu/arm/5.4.1/bin/../lib/gcc/arm-none-eabi/5.4.1/../../../../arm-none-eabi/lib/armv7-m\libg_nano.a(lib_a-itoa.o)
                              .\CortexM3\ARM_GCC_541\Debug\main.o (itoa)
c:/program files (x86)/cypress/psoc creator/4.2/psoc creator/import/gnu/arm/5.4.1/bin/../lib/gcc/arm-none-eabi/5.4.1/../../../../arm-none-eabi/lib/armv7-m\libg_nano.a(lib_a-memcpy-stub.o)
                              .\CortexM3\ARM_GCC_541\Debug\cyfitter_cfg.o (memcpy)
[...]
Memory Configuration

Name             Origin             Length             Attributes
rom              0x00000000         0x00040000         xr
ram              0x1fff8000         0x00010000         xrw
*default*        0x00000000         0xffffffff

Linker script and memory map

LOAD c:/program files (x86)/cypress/psoc creator/4.2/psoc creator/import/gnu/arm/5.4.1/bin/../lib/gcc/arm-none-eabi/5.4.1/armv7-m/crti.o
LOAD c:/program files (x86)/cypress/psoc creator/4.2/psoc creator/import/gnu/arm/5.4.1/bin/../lib/gcc/arm-none-eabi/5.4.1/armv7-m/crtbegin.o
LOAD c:/program files (x86)/cypress/psoc creator/4.2/psoc creator/import/gnu/arm/5.4.1/bin/../lib/gcc/arm-none-eabi/5.4.1/../../../../arm-none-eabi/lib/armv7-m/crt0.o
START GROUP
LOAD .\CortexM3\ARM_GCC_541\Debug\main.o
LOAD .\CortexM3\ARM_GCC_541\Debug\cyfitter_cfg.o
LOAD .\CortexM3\ARM_GCC_541\Debug\cymetadata.o
LOAD .\CortexM3\ARM_GCC_541\Debug\Cm3Start.o
LOAD .\CortexM3\ARM_GCC_541\Debug\Design01.a
LOAD C:\Program Files (x86)\Cypress\PSoC Creator\4.2\PSoC Creator\psoc\content\cycomponentlibrary\CyComponentLibrary.cylib\CortexM3\ARM_GCC_541\Debug\CyComponentLibrary.a
END GROUP
START GROUP
LOAD c:/program files (x86)/cypress/psoc creator/4.2/psoc creator/import/gnu/arm/5.4.1/bin/../lib/gcc/arm-none-eabi/5.4.1/armv7-m\libgcc.a
LOAD c:/program files (x86)/cypress/psoc creator/4.2/psoc creator/import/gnu/arm/5.4.1/bin/../lib/gcc/arm-none-eabi/5.4.1/../../../../arm-none-eabi/lib/armv7-m\libg_nano.a
LOAD c:/program files (x86)/cypress/psoc creator/4.2/psoc creator/import/gnu/arm/5.4.1/bin/../lib/gcc/arm-none-eabi/5.4.1/../../../../arm-none-eabi/lib/armv7-m\libc_nano.a
END GROUP
START GROUP
LOAD c:/program files (x86)/cypress/psoc creator/4.2/psoc creator/import/gnu/arm/5.4.1/bin/../lib/gcc/arm-none-eabi/5.4.1/armv7-m\libgcc.a
LOAD c:/program files (x86)/cypress/psoc creator/4.2/psoc creator/import/gnu/arm/5.4.1/bin/../lib/gcc/arm-none-eabi/5.4.1/../../../../arm-none-eabi/lib/armv7-m\libc_nano.a
END GROUP
LOAD c:/program files (x86)/cypress/psoc creator/4.2/psoc creator/import/gnu/arm/5.4.1/bin/../lib/gcc/arm-none-eabi/5.4.1/armv7-m/crtend.o
LOAD c:/program files (x86)/cypress/psoc creator/4.2/psoc creator/import/gnu/arm/5.4.1/bin/../lib/gcc/arm-none-eabi/5.4.1/armv7-m/crtn.o
START GROUP
LOAD c:/program files (x86)/cypress/psoc creator/4.2/psoc creator/import/gnu/arm/5.4.1/bin/../lib/gcc/arm-none-eabi/5.4.1/armv7-m\libgcc.a
LOAD c:/program files (x86)/cypress/psoc creator/4.2/psoc creator/import/gnu/arm/5.4.1/bin/../lib/gcc/arm-none-eabi/5.4.1/../../../../arm-none-eabi/lib/armv7-m\libc.a
LOAD c:/program files (x86)/cypress/psoc creator/4.2/psoc creator/import/gnu/arm/5.4.1/bin/../lib/gcc/arm-none-eabi/5.4.1/../../../../arm-none-eabi/lib/armv7-m\libnosys.a
END GROUP
                0x00000000                CY_APPL_ORIGIN = 0x0
                0x00000100                CY_FLASH_ROW_SIZE = 0x100
                0x00000020                CY_ECC_ROW_SIZE = 0x20
                0x00000000                CY_EE_IN_BTLDR = 0x0
                0x00000000                CY_APPL_LOADABLE = 0x0
                0x00000800                CY_EE_SIZE = 0x800
                0x00000001                CY_APPL_NUM = 0x1
                0x00000001                CY_APPL_MAX = 0x1
                0x00000040                CY_METADATA_SIZE = 0x40
                0x00000000                CY_APPL_LOADABLE = 0x0
                0x00000000                CY_CHECKSUM_EXCLUDE_SIZE = ALIGN (0x0, CY_FLASH_ROW_SIZE)
                [!provide]                PROVIDE (__cy_heap_start, _end)
                0x00000001                PROVIDE (__cy_region_num, ((__cy_regions_end - __cy_regions) / 0x10))
                0x20008000                PROVIDE (__cy_stack, (ORIGIN (ram) + LENGTH (ram)))
                [!provide]                PROVIDE (__cy_heap_end, (__cy_stack - 0x800))

.cybootloader   0x00000000        0x0
 *(.cybootloader)
                0x00000000                appl1_start = CY_APPL_ORIGIN?CY_APPL_ORIGIN:ALIGN (CY_FLASH_ROW_SIZE)
                0x0001ff00                appl2_start = (appl1_start + ALIGN ((((LENGTH (rom) - appl1_start) - (0x2 * CY_FLASH_ROW_SIZE)) / 0x2), CY_FLASH_ROW_SIZE))
                0x00000000                appl_start = (CY_APPL_NUM == 0x1)?appl1_start:appl2_start
                0x00000000                ecc_offset = ((appl_start / CY_FLASH_ROW_SIZE) * CY_ECC_ROW_SIZE)
                0x00000000                ee_offset = (CY_APPL_LOADABLE && ! (CY_EE_IN_BTLDR))?((CY_EE_SIZE / CY_APPL_MAX) * (CY_APPL_NUM - 0x1)):0x0
                0x00000800                ee_size = (CY_APPL_LOADABLE && ! (CY_EE_IN_BTLDR))?(CY_EE_SIZE / CY_APPL_MAX):CY_EE_SIZE
                [!provide]                PROVIDE (CY_ECC_OFFSET, ecc_offset)

.text           0x00000000      0xe38
 CREATE_OBJECT_SYMBOLS
                0x00000000                PROVIDE (__cy_interrupt_vector, RomVectors)
 *(.romvectors)
 .romvectors    0x00000000       0x10 .\CortexM3\ARM_GCC_541\Debug\Cm3Start.o
                0x00000000                RomVectors
                0x00000001                ASSERT ((. != __cy_interrupt_vector), No interrupt vector)
                0x00000001                ASSERT (CY_APPL_ORIGIN?(SIZEOF (.cybootloader) <= CY_APPL_ORIGIN):0x1, Wrong image location)
                0x00000010                PROVIDE (__cy_reset, Reset)
 *(.text.Reset)
 .text.Reset    0x00000010       0x18 .\CortexM3\ARM_GCC_541\Debug\Cm3Start.o
                0x00000010                Reset
                0x00000001                ASSERT ((. != __cy_reset), No reset code)
 *(.dma_init)
                0x00000001                ASSERT ((((appl_start + .) <= 0x10000) || 0x1), DMA Init must be within the first 64k of flash)
 *(.text .text.* .gnu.linkonce.t.*)
 .text          0x00000028       0x5c c:/program files (x86)/cypress/psoc creator/4.2/psoc creator/import/gnu/arm/5.4.1/bin/../lib/gcc/arm-none-eabi/5.4.1/armv7-m/crtbegin.o
 .text.InterruptXP
                0x00000084       0x10 .\CortexM3\ARM_GCC_541\Debug\main.o
                0x00000084                InterruptXP
 .text.InterruptXL
                0x00000094       0x10 .\CortexM3\ARM_GCC_541\Debug\main.o
                0x00000094                InterruptXL
 .text.InterruptYP
                0x000000a4       0x10 .\CortexM3\ARM_GCC_541\Debug\main.o
                0x000000a4                InterruptYP
 .text.InterruptYL
                0x000000b4       0x10 .\CortexM3\ARM_GCC_541\Debug\main.o
                0x000000b4                InterruptYL
 .text.InterruptRX
                0x000000c4       0x28 .\CortexM3\ARM_GCC_541\Debug\main.o
                0x000000c4                InterruptRX
 .text.UART_writeint
                0x000000ec       0x18 .\CortexM3\ARM_GCC_541\Debug\main.o
                0x000000ec                UART_writeint
 .text.main     0x00000104      0x140 .\CortexM3\ARM_GCC_541\Debug\main.o
                0x00000104                main
 .text.CyClockStartupError
                0x00000244        0x4 .\CortexM3\ARM_GCC_541\Debug\cyfitter_cfg.o
 .text.cfg_write_bytes32
                0x00000248       0x34 .\CortexM3\ARM_GCC_541\Debug\cyfitter_cfg.o
 .text.AnalogSetDefault
                0x0000027c       0x28 .\CortexM3\ARM_GCC_541\Debug\cyfitter_cfg.o
 .text.CYMEMZERO
                0x000002a4        0xc .\CortexM3\ARM_GCC_541\Debug\cyfitter_cfg.o
 .text.ClockSetup
                0x000002b0       0xc8 .\CortexM3\ARM_GCC_541\Debug\cyfitter_cfg.o
 .text.CYCONFIGCPY
                0x00000378        0x8 .\CortexM3\ARM_GCC_541\Debug\cyfitter_cfg.o
 .text.cyfitter_cfg
                0x00000380      0x144 .\CortexM3\ARM_GCC_541\Debug\cyfitter_cfg.o
                0x00000380                cyfitter_cfg
 .text.IntDefaultHandler
                0x000004c4       0x10 .\CortexM3\ARM_GCC_541\Debug\Cm3Start.o
                0x000004c4                IntDefaultHandler
 .text.Start_c  0x000004d4       0x4c .\CortexM3\ARM_GCC_541\Debug\Cm3Start.o
                0x000004d4                Start_c
 .text.initialize_psoc
                0x00000520       0x68 .\CortexM3\ARM_GCC_541\Debug\Cm3Start.o
                0x00000520                initialize_psoc
 .text.CyHalt   0x00000588        0x4 .\CortexM3\ARM_GCC_541\Debug\Design01.a(CyLib.o)
                0x00000588                CyHalt
 .text.CyIntSetVector
                0x0000058c       0x28 .\CortexM3\ARM_GCC_541\Debug\Design01.a(CyLib.o)
                0x0000058c                CyIntSetVector
 .text.CyIntSetPriority
                0x000005b4       0x30 .\CortexM3\ARM_GCC_541\Debug\Design01.a(CyLib.o)
                0x000005b4                CyIntSetPriority
 .text.isrXP_SetVector
                0x000005e4        0xc .\CortexM3\ARM_GCC_541\Debug\Design01.a(isrXP.o)
                0x000005e4                isrXP_SetVector
 .text.isrXP_SetPriority
                0x000005f0       0x10 .\CortexM3\ARM_GCC_541\Debug\Design01.a(isrXP.o)
                0x000005f0                isrXP_SetPriority
 .text.isrXP_Enable
                0x00000600        0xc .\CortexM3\ARM_GCC_541\Debug\Design01.a(isrXP.o)
                0x00000600                isrXP_Enable
 .text.isrXP_Disable
                0x0000060c        0xc .\CortexM3\ARM_GCC_541\Debug\Design01.a(isrXP.o)
                0x0000060c                isrXP_Disable
 .text.isrXP_StartEx
                0x00000618       0x1c .\CortexM3\ARM_GCC_541\Debug\Design01.a(isrXP.o)
                0x00000618                isrXP_StartEx
 .text.isrXL_SetVector
                0x00000634        0xc .\CortexM3\ARM_GCC_541\Debug\Design01.a(isrXL.o)
                0x00000634                isrXL_SetVector
 .text.isrXL_SetPriority
                0x00000640       0x10 .\CortexM3\ARM_GCC_541\Debug\Design01.a(isrXL.o)
                0x00000640                isrXL_SetPriority
 .text.isrXL_Enable
                0x00000650        0xc .\CortexM3\ARM_GCC_541\Debug\Design01.a(isrXL.o)
                0x00000650                isrXL_Enable
 .text.isrXL_Disable
                0x0000065c        0xc .\CortexM3\ARM_GCC_541\Debug\Design01.a(isrXL.o)
                0x0000065c                isrXL_Disable
 .text.isrXL_StartEx
                0x00000668       0x1c .\CortexM3\ARM_GCC_541\Debug\Design01.a(isrXL.o)
                0x00000668                isrXL_StartEx
 .text.isrYP_SetVector
                0x00000684        0xc .\CortexM3\ARM_GCC_541\Debug\Design01.a(isrYP.o)
                0x00000684                isrYP_SetVector
 .text.isrYP_SetPriority
                0x00000690       0x10 .\CortexM3\ARM_GCC_541\Debug\Design01.a(isrYP.o)
                0x00000690                isrYP_SetPriority
 .text.isrYP_Enable
                0x000006a0        0xc .\CortexM3\ARM_GCC_541\Debug\Design01.a(isrYP.o)
                0x000006a0                isrYP_Enable
 .text.isrYP_Disable
                0x000006ac        0xc .\CortexM3\ARM_GCC_541\Debug\Design01.a(isrYP.o)
                0x000006ac                isrYP_Disable
 .text.isrYP_StartEx
                0x000006b8       0x1c .\CortexM3\ARM_GCC_541\Debug\Design01.a(isrYP.o)
                0x000006b8                isrYP_StartEx
 .text.isrYL_SetVector
                0x000006d4        0xc .\CortexM3\ARM_GCC_541\Debug\Design01.a(isrYL.o)
                0x000006d4                isrYL_SetVector
 .text.isrYL_SetPriority
                0x000006e0       0x10 .\CortexM3\ARM_GCC_541\Debug\Design01.a(isrYL.o)
                0x000006e0                isrYL_SetPriority
 .text.isrYL_Enable
                0x000006f0        0xc .\CortexM3\ARM_GCC_541\Debug\Design01.a(isrYL.o)
                0x000006f0                isrYL_Enable
 .text.isrYL_Disable
                0x000006fc        0xc .\CortexM3\ARM_GCC_541\Debug\Design01.a(isrYL.o)
                0x000006fc                isrYL_Disable
 .text.isrYL_StartEx
                0x00000708       0x1c .\CortexM3\ARM_GCC_541\Debug\Design01.a(isrYL.o)
                0x00000708                isrYL_StartEx
 .text.Clock_1_Start
                0x00000724       0x1c .\CortexM3\ARM_GCC_541\Debug\Design01.a(Clock_1.o)
                0x00000724                Clock_1_Start
 .text.isrRx_SetVector
                0x00000740        0xc .\CortexM3\ARM_GCC_541\Debug\Design01.a(isrRx.o)
                0x00000740                isrRx_SetVector
 .text.isrRx_SetPriority
                0x0000074c       0x10 .\CortexM3\ARM_GCC_541\Debug\Design01.a(isrRx.o)
                0x0000074c                isrRx_SetPriority
 .text.isrRx_Enable
                0x0000075c        0xc .\CortexM3\ARM_GCC_541\Debug\Design01.a(isrRx.o)
                0x0000075c                isrRx_Enable
 .text.isrRx_Disable
                0x00000768        0xc .\CortexM3\ARM_GCC_541\Debug\Design01.a(isrRx.o)
                0x00000768                isrRx_Disable
 .text.isrRx_StartEx
                0x00000774       0x1c .\CortexM3\ARM_GCC_541\Debug\Design01.a(isrRx.o)
                0x00000774                isrRx_StartEx
 .text.UART_Init
                0x00000790       0x5c .\CortexM3\ARM_GCC_541\Debug\Design01.a(UART.o)
                0x00000790                UART_Init
 .text.UART_Enable
                0x000007ec       0x50 .\CortexM3\ARM_GCC_541\Debug\Design01.a(UART.o)
                0x000007ec                UART_Enable
 .text.UART_Start
                0x0000083c       0x1c .\CortexM3\ARM_GCC_541\Debug\Design01.a(UART.o)
                0x0000083c                UART_Start
 .text.UART_GetChar
                0x00000858       0x80 .\CortexM3\ARM_GCC_541\Debug\Design01.a(UART.o)
                0x00000858                UART_GetChar
 .text.UART_PutChar
                0x000008d8       0x70 .\CortexM3\ARM_GCC_541\Debug\Design01.a(UART.o)
                0x000008d8                UART_PutChar
 .text.UART_PutString
                0x00000948       0x24 .\CortexM3\ARM_GCC_541\Debug\Design01.a(UART.o)
                0x00000948                UART_PutString
 .text.UART_RXISR
                0x0000096c       0x98 .\CortexM3\ARM_GCC_541\Debug\Design01.a(UART_INT.o)
                0x0000096c                UART_RXISR
 .text.UART_TXISR
                0x00000a04       0x58 .\CortexM3\ARM_GCC_541\Debug\Design01.a(UART_INT.o)
                0x00000a04                UART_TXISR
 .text.UART_IntClock_Start
                0x00000a5c       0x1c .\CortexM3\ARM_GCC_541\Debug\Design01.a(UART_IntClock.o)
                0x00000a5c                UART_IntClock_Start
 .text.PWM_Enable
                0x00000a78       0x10 .\CortexM3\ARM_GCC_541\Debug\Design01.a(PWM.o)
                0x00000a78                PWM_Enable
 .text.PWM_WriteCounter
                0x00000a88        0xc .\CortexM3\ARM_GCC_541\Debug\Design01.a(PWM.o)
                0x00000a88                PWM_WriteCounter
 .text.PWM_WritePeriod
                0x00000a94        0xc .\CortexM3\ARM_GCC_541\Debug\Design01.a(PWM.o)
                0x00000a94                PWM_WritePeriod
 .text.PWM_WriteCompare1
                0x00000aa0        0xc .\CortexM3\ARM_GCC_541\Debug\Design01.a(PWM.o)
                0x00000aa0                PWM_WriteCompare1
 .text.PWM_WriteCompare2
                0x00000aac        0xc .\CortexM3\ARM_GCC_541\Debug\Design01.a(PWM.o)
                0x00000aac                PWM_WriteCompare2
 .text.PWM_SetInterruptMode
                0x00000ab8        0xc .\CortexM3\ARM_GCC_541\Debug\Design01.a(PWM.o)
                0x00000ab8                PWM_SetInterruptMode
 .text.PWM_ReadStatusRegister
                0x00000ac4        0xc .\CortexM3\ARM_GCC_541\Debug\Design01.a(PWM.o)
                0x00000ac4                PWM_ReadStatusRegister
 .text.PWM_ReadCapture
                0x00000ad0        0xc .\CortexM3\ARM_GCC_541\Debug\Design01.a(PWM.o)
                0x00000ad0                PWM_ReadCapture
 .text.PWM_ClearFIFO
                0x00000adc       0x14 .\CortexM3\ARM_GCC_541\Debug\Design01.a(PWM.o)
                0x00000adc                PWM_ClearFIFO
 .text.PWM_Init
                0x00000af0       0x58 .\CortexM3\ARM_GCC_541\Debug\Design01.a(PWM.o)
                0x00000af0                PWM_Init
 .text.PWM_Start
                0x00000b48       0x1c .\CortexM3\ARM_GCC_541\Debug\Design01.a(PWM.o)
                0x00000b48                PWM_Start
 .text.A1_Write
                0x00000b64       0x18 .\CortexM3\ARM_GCC_541\Debug\Design01.a(A1.o)
                0x00000b64                A1_Write
 .text.B1_Write
                0x00000b7c       0x18 .\CortexM3\ARM_GCC_541\Debug\Design01.a(B1.o)
                0x00000b7c                B1_Write
 .text.A2_Write
                0x00000b94       0x18 .\CortexM3\ARM_GCC_541\Debug\Design01.a(A2.o)
                0x00000b94                A2_Write
 .text.B2_Write
                0x00000bac       0x18 .\CortexM3\ARM_GCC_541\Debug\Design01.a(B2.o)
                0x00000bac                B2_Write
 *fill*         0x00000bc4        0x4 
 .text          0x00000bc8       0x20 .\CortexM3\ARM_GCC_541\Debug\Design01.a(CyBootAsmGnu.o)
                0x00000bc8                CyDelayCycles
                0x00000bd8                CyEnterCriticalSection
                0x00000be0                CyExitCriticalSection
 .text.atoi     0x00000be8        0x8 c:/program files (x86)/cypress/psoc creator/4.2/psoc creator/import/gnu/arm/5.4.1/bin/../lib/gcc/arm-none-eabi/5.4.1/../../../../arm-none-eabi/lib/armv7-m\libg_nano.a(lib_a-atoi.o)
                0x00000be8                atoi
 .text.__errno  0x00000bf0        0xc c:/program files (x86)/cypress/psoc creator/4.2/psoc creator/import/gnu/arm/5.4.1/bin/../lib/gcc/arm-none-eabi/5.4.1/../../../../arm-none-eabi/lib/armv7-m\libg_nano.a(lib_a-errno.o)
                0x00000bf0                __errno
 .text.__libc_init_array
                0x00000bfc       0x4c c:/program files (x86)/cypress/psoc creator/4.2/psoc creator/import/gnu/arm/5.4.1/bin/../lib/gcc/arm-none-eabi/5.4.1/../../../../arm-none-eabi/lib/armv7-m\libg_nano.a(lib_a-init.o)
                0x00000bfc                __libc_init_array
 .text.__itoa   0x00000c48       0x2e c:/program files (x86)/cypress/psoc creator/4.2/psoc creator/import/gnu/arm/5.4.1/bin/../lib/gcc/arm-none-eabi/5.4.1/../../../../arm-none-eabi/lib/armv7-m\libg_nano.a(lib_a-itoa.o)
                0x00000c48                __itoa
 .text.itoa     0x00000c76        0x4 c:/program files (x86)/cypress/psoc creator/4.2/psoc creator/import/gnu/arm/5.4.1/bin/../lib/gcc/arm-none-eabi/5.4.1/../../../../arm-none-eabi/lib/armv7-m\libg_nano.a(lib_a-itoa.o)
                0x00000c76                itoa
 .text.memcpy   0x00000c7a       0x16 c:/program files (x86)/cypress/psoc creator/4.2/psoc creator/import/gnu/arm/5.4.1/bin/../lib/gcc/arm-none-eabi/5.4.1/../../../../arm-none-eabi/lib/armv7-m\libg_nano.a(lib_a-memcpy-stub.o)
                0x00000c7a                memcpy
 .text.memset   0x00000c90       0x10 c:/program files (x86)/cypress/psoc creator/4.2/psoc creator/import/gnu/arm/5.4.1/bin/../lib/gcc/arm-none-eabi/5.4.1/../../../../arm-none-eabi/lib/armv7-m\libg_nano.a(lib_a-memset.o)
                0x00000c90                memset
 .text._strtol_r
                0x00000ca0      0x10c c:/program files (x86)/cypress/psoc creator/4.2/psoc creator/import/gnu/arm/5.4.1/bin/../lib/gcc/arm-none-eabi/5.4.1/../../../../arm-none-eabi/lib/armv7-m\libg_nano.a(lib_a-strtol.o)
                0x00000ca0                _strtol_r
 .text.strtol   0x00000dac       0x14 c:/program files (x86)/cypress/psoc creator/4.2/psoc creator/import/gnu/arm/5.4.1/bin/../lib/gcc/arm-none-eabi/5.4.1/../../../../arm-none-eabi/lib/armv7-m\libg_nano.a(lib_a-strtol.o)
                0x00000dac                strtol
 .text.__utoa   0x00000dc0       0x78 c:/program files (x86)/cypress/psoc creator/4.2/psoc creator/import/gnu/arm/5.4.1/bin/../lib/gcc/arm-none-eabi/5.4.1/../../../../arm-none-eabi/lib/armv7-m\libg_nano.a(lib_a-utoa.o)
                0x00000dc0                __utoa
 *(.plt)
 *(.gnu.warning)
 *(.glue_7t)
 .glue_7t       0x00000e38        0x0 linker stubs
 *(.glue_7)
 .glue_7        0x00000e38        0x0 linker stubs
 *(.vfp11_veneer)
 .vfp11_veneer  0x00000e38        0x0 linker stubs
 *(.bootloader)
 *(.ARM.extab* .gnu.linkonce.armextab.*)
 *(.gcc_except_table)

.v4_bx          0x00000e38        0x0
 .v4_bx         0x00000e38        0x0 linker stubs

.iplt           0x00000e38        0x0
 .iplt          0x00000e38        0x0 c:/program files (x86)/cypress/psoc creator/4.2/psoc creator/import/gnu/arm/5.4.1/bin/../lib/gcc/arm-none-eabi/5.4.1/armv7-m/crtbegin.o

.eh_frame_hdr
 *(.eh_frame_hdr)

.eh_frame       0x00000e38        0x4
 *(.eh_frame)
 .eh_frame      0x00000e38        0x0 c:/program files (x86)/cypress/psoc creator/4.2/psoc creator/import/gnu/arm/5.4.1/bin/../lib/gcc/arm-none-eabi/5.4.1/armv7-m/crtbegin.o
 .eh_frame      0x00000e38        0x4 c:/program files (x86)/cypress/psoc creator/4.2/psoc creator/import/gnu/arm/5.4.1/bin/../lib/gcc/arm-none-eabi/5.4.1/armv7-m/crtend.o
                [!provide]                PROVIDE (__exidx_start, .)

.ARM.exidx
 *(.ARM.exidx* .gnu.linkonce.armexidx.*)
                0x00000e3c                __exidx_end = .

.rodata         0x00000e3c      0x19c
 *(.rodata .rodata.* .gnu.linkonce.r.*)
 .rodata        0x00000e3c       0x3a .\CortexM3\ARM_GCC_541\Debug\cyfitter_cfg.o
 .rodata.str1.1
                0x00000e76        0x2 c:/program files (x86)/cypress/psoc creator/4.2/psoc creator/import/gnu/arm/5.4.1/bin/../lib/gcc/arm-none-eabi/5.4.1/../../../../arm-none-eabi/lib/armv7-m\libg_nano.a(lib_a-impure.o)
 .rodata.str1.1
                0x00000e78       0x25 c:/program files (x86)/cypress/psoc creator/4.2/psoc creator/import/gnu/arm/5.4.1/bin/../lib/gcc/arm-none-eabi/5.4.1/../../../../arm-none-eabi/lib/armv7-m\libg_nano.a(lib_a-utoa.o)
 .rodata._ctype_
                0x00000e9d      0x101 c:/program files (x86)/cypress/psoc creator/4.2/psoc creator/import/gnu/arm/5.4.1/bin/../lib/gcc/arm-none-eabi/5.4.1/../../../../arm-none-eabi/lib/armv7-m\libg_nano.a(lib_a-ctype_.o)
                0x00000e9d                _ctype_
                0x00000fa0                . = ALIGN (0x4)
 *fill*         0x00000f9e        0x2 
 *(.init)
 .init          0x00000fa0        0x4 c:/program files (x86)/cypress/psoc creator/4.2/psoc creator/import/gnu/arm/5.4.1/bin/../lib/gcc/arm-none-eabi/5.4.1/armv7-m/crti.o
                0x00000fa0                _init
 .init          0x00000fa4        0x8 c:/program files (x86)/cypress/psoc creator/4.2/psoc creator/import/gnu/arm/5.4.1/bin/../lib/gcc/arm-none-eabi/5.4.1/armv7-m/crtn.o
                0x00000fac                . = ALIGN (0x4)
                0x00000fac                __preinit_array_start = .
 *(.preinit_array)
                0x00000fac                __preinit_array_end = .
                0x00000fac                . = ALIGN (0x4)
                0x00000fac                __init_array_start = .
 *(SORT(.init_array.*))
 *(.init_array)
 .init_array    0x00000fac        0x4 c:/program files (x86)/cypress/psoc creator/4.2/psoc creator/import/gnu/arm/5.4.1/bin/../lib/gcc/arm-none-eabi/5.4.1/armv7-m/crtbegin.o
 .init_array    0x00000fb0        0x4 .\CortexM3\ARM_GCC_541\Debug\Cm3Start.o
                0x00000fb4                __init_array_end = .
                0x00000fb4                . = ALIGN (0x4)
 *(.fini)
 .fini          0x00000fb4        0x4 c:/program files (x86)/cypress/psoc creator/4.2/psoc creator/import/gnu/arm/5.4.1/bin/../lib/gcc/arm-none-eabi/5.4.1/armv7-m/crti.o
                0x00000fb4                _fini
 .fini          0x00000fb8        0x8 c:/program files (x86)/cypress/psoc creator/4.2/psoc creator/import/gnu/arm/5.4.1/bin/../lib/gcc/arm-none-eabi/5.4.1/armv7-m/crtn.o
                0x00000fc0                . = ALIGN (0x4)
                0x00000fc0                __fini_array_start = .
 *(.fini_array)
 .fini_array    0x00000fc0        0x4 c:/program files (x86)/cypress/psoc creator/4.2/psoc creator/import/gnu/arm/5.4.1/bin/../lib/gcc/arm-none-eabi/5.4.1/armv7-m/crtbegin.o
 *(SORT(.fini_array.*))
                0x00000fc4                __fini_array_end = .
                0x00000fc4                . = ALIGN (0x4)
 *crtbegin.o(.ctors)
 *(EXCLUDE_FILE(*crtend.o) .ctors)
 *(SORT(.ctors.*))
 *crtend.o(.ctors)
                0x00000fc4                . = ALIGN (0x4)
 *crtbegin.o(.dtors)
 *(EXCLUDE_FILE(*crtend.o) .dtors)
 *(SORT(.dtors.*))
 *crtend.o(.dtors)
                0x00000fc4                . = ALIGN (0x4)
                0x00000fc4                __cy_regions = .
                0x00000fc4        0x4 LONG 0xfd8 __cy_region_init_ram
                0x00000fc8        0x4 LONG 0x1fff80c8 __cy_region_start_data
                0x00000fcc        0x4 LONG 0x70 __cy_region_init_size_ram
                0x00000fd0        0x4 LONG 0xa0 __cy_region_zero_size_ram
                0x00000fd4                __cy_regions_end = .
                0x00000fd8                . = ALIGN (0x8)
 *fill*         0x00000fd4        0x4 
                0x00000fd8                _etext = .

.cy_checksum_exclude
                0x00000fd8        0x0
 *(.cy_checksum_exclude)

.ramvectors     0x1fff8000       0xc0
                0x1fff8000                __cy_region_start_ram = .
 *(.ramvectors)
 .ramvectors    0x1fff8000       0xc0 .\CortexM3\ARM_GCC_541\Debug\Cm3Start.o
                0x1fff8000                CyRamVectors

.noinit         0x1fff80c0        0x1
 *(.noinit)
 .noinit        0x1fff80c0        0x1 .\CortexM3\ARM_GCC_541\Debug\Design01.a(CyLib.o)
                0x1fff80c0                CyResetStatus

.data           0x1fff80c8       0x70 load address 0x00000fd8
                0x1fff80c8                __cy_region_start_data = .
 *(.jcr)
 .jcr           0x1fff80c8        0x0 c:/program files (x86)/cypress/psoc creator/4.2/psoc creator/import/gnu/arm/5.4.1/bin/../lib/gcc/arm-none-eabi/5.4.1/armv7-m/crtbegin.o
 .jcr           0x1fff80c8        0x4 c:/program files (x86)/cypress/psoc creator/4.2/psoc creator/import/gnu/arm/5.4.1/bin/../lib/gcc/arm-none-eabi/5.4.1/armv7-m/crtend.o
 *(.got.plt)
 *(.got)
 *(.shdata)
 *(.data .data.* .gnu.linkonce.d.*)
 .data.impure_data
                0x1fff80cc       0x60 c:/program files (x86)/cypress/psoc creator/4.2/psoc creator/import/gnu/arm/5.4.1/bin/../lib/gcc/arm-none-eabi/5.4.1/../../../../arm-none-eabi/lib/armv7-m\libg_nano.a(lib_a-impure.o)
 .data._impure_ptr
                0x1fff812c        0x4 c:/program files (x86)/cypress/psoc creator/4.2/psoc creator/import/gnu/arm/5.4.1/bin/../lib/gcc/arm-none-eabi/5.4.1/../../../../arm-none-eabi/lib/armv7-m\libg_nano.a(lib_a-impure.o)
                0x1fff812c                _impure_ptr
 .data.__ctype_ptr__
                0x1fff8130        0x4 c:/program files (x86)/cypress/psoc creator/4.2/psoc creator/import/gnu/arm/5.4.1/bin/../lib/gcc/arm-none-eabi/5.4.1/../../../../arm-none-eabi/lib/armv7-m\libg_nano.a(lib_a-ctype_.o)
                0x1fff8130                __ctype_ptr__
                0x1fff8138                . = ALIGN (0x8)
 *fill*         0x1fff8134        0x4 
 *(.ram)
                0x1fff8138                _edata = .

.igot.plt       0x1fff8138        0x0 load address 0x00001048
 .igot.plt      0x1fff8138        0x0 c:/program files (x86)/cypress/psoc creator/4.2/psoc creator/import/gnu/arm/5.4.1/bin/../lib/gcc/arm-none-eabi/5.4.1/armv7-m/crtbegin.o

.bss            0x1fff8138       0xa0 load address 0x00001048
                0x1fff8138                PROVIDE (__bss_start__, .)
 *(.shbss)
 *(.bss .bss.* .gnu.linkonce.b.*)
 .bss           0x1fff8138       0x1c c:/program files (x86)/cypress/psoc creator/4.2/psoc creator/import/gnu/arm/5.4.1/bin/../lib/gcc/arm-none-eabi/5.4.1/armv7-m/crtbegin.o
 .bss           0x1fff8154       0x20 .\CortexM3\ARM_GCC_541\Debug\main.o
                0x1fff8154                counta
                0x1fff8158                countb
                0x1fff815c                i
                0x1fff8160                x
                0x1fff8164                MXV
                0x1fff8168                MYV
                0x1fff816c                pwmy
                0x1fff8170                pwmx
 .bss           0x1fff8174        0x9 .\CortexM3\ARM_GCC_541\Debug\Design01.a(UART.o)
                0x1fff8174                UART_errorStatus
                0x1fff8175                UART_initVar
                0x1fff8176                UART_rxBufferRead
                0x1fff8177                UART_rxBufferWrite
                0x1fff8178                UART_rxBufferLoopDetect
                0x1fff8179                UART_rxBufferOverflow
                0x1fff817a                UART_txBufferRead
                0x1fff817b                UART_txBufferWrite
 .bss           0x1fff817d        0x1 .\CortexM3\ARM_GCC_541\Debug\Design01.a(PWM.o)
                0x1fff817d                PWM_initVar
 *(COMMON)
 *fill*         0x1fff817e        0x2 
 COMMON         0x1fff8180       0x2a .\CortexM3\ARM_GCC_541\Debug\main.o
                0x1fff8180                datoenviado
                0x1fff8194                DY
                0x1fff8198                MY
                0x1fff819c                datorecibido
                0x1fff81a6                DX
                0x1fff81a8                MX
 *fill*         0x1fff81aa        0x2 
 COMMON         0x1fff81ac       0x2a .\CortexM3\ARM_GCC_541\Debug\Design01.a(UART.o)
                0x1fff81ac                UART_rxBuffer
                0x1fff81cc                UART_txBuffer
                0x1fff81d8                . = ALIGN (0x8)
 *fill*         0x1fff81d6        0x2 
 *(.ram.b)
                0x1fff81d8                _end = .
                0x1fff81d8                __end = .
                0x1fff81d8                PROVIDE (end, .)
                0x1fff81d8                PROVIDE (__bss_end__, .)
                0x00000fd8                __cy_region_init_ram = LOADADDR (.data)
                0x00000070                __cy_region_init_size_ram = (_edata - ADDR (.data))
                0x000000a0                __cy_region_zero_size_ram = (_end - _edata)

.heap           0x1fff81d8       0x80 load address 0x00001048
                0x1fff81d8                . = _end
                0x1fff8258                . = (. + 0x80)
 *fill*         0x1fff81d8       0x80 
                0x1fff8258                __cy_heap_limit = .

.stack          0x20007800      0x800
                0x20007800                __cy_stack_limit = .
                0x20008000                . = (. + 0x800)
 *fill*         0x20007800      0x800 
                0x00000001                ASSERT ((__cy_stack_limit >= __cy_heap_limit), region RAM overflowed with stack)
                0x00000000                cy_checksum_exclude_size = (CY_APPL_LOADABLE == 0x1)?SIZEOF (.cy_checksum_exclude):0x0
                0x00000001                ASSERT ((cy_checksum_exclude_size <= CY_CHECKSUM_EXCLUDE_SIZE), CY_BOOT: Section .cy_checksum_exclude size exceedes specified limit.)

.cyloadermeta
 *(.cyloadermeta)

.cyloadablemeta
 *(.cyloadablemeta)

.cyconfigecc    0x80000000      0x61c
 *(.cyconfigecc)
 .cyconfigecc   0x80000000      0x61c .\CortexM3\ARM_GCC_541\Debug\cymetadata.o
                0x80000000                cy_meta_configecc

.cycustnvl      0x90000000        0x4
 *(.cycustnvl)
 .cycustnvl     0x90000000        0x4 .\CortexM3\ARM_GCC_541\Debug\cymetadata.o
                0x90000000                cy_meta_custnvl

.cywolatch      0x90100000        0x4
 *(.cywolatch)
 .cywolatch     0x90100000        0x4 .\CortexM3\ARM_GCC_541\Debug\cymetadata.o
                0x90100000                cy_meta_wonvl

.cyeeprom       0x90200000        0x0
 *(.cyeeprom)
                0x00000001                ASSERT ((. <= ((0x90200000 + ee_offset) + ee_size)), .cyeeprom data will not fit in EEPROM)

.cyflashprotect
                0x90400000      0x100
 *(.cyflashprotect)
 .cyflashprotect
                0x90400000      0x100 .\CortexM3\ARM_GCC_541\Debug\cymetadata.o
                0x90400000                cy_meta_flashprotect

.cymeta         0x90500000        0xc
 *(.cymeta)
 .cymeta        0x90500000        0xc .\CortexM3\ARM_GCC_541\Debug\cymetadata.o
                0x90500000                cy_metadata

.rel.dyn        0x00001048        0x0 load address 0x9050000c
 .rel.iplt      0x00001048        0x0 c:/program files (x86)/cypress/psoc creator/4.2/psoc creator/import/gnu/arm/5.4.1/bin/../lib/gcc/arm-none-eabi/5.4.1/armv7-m/crtbegin.o

.stab
 *(.stab)

.stabstr
 *(.stabstr)

.debug
 *(.debug)

.line
 *(.line)

.debug_srcinfo
 *(.debug_srcinfo)

.debug_sfnames
 *(.debug_sfnames)

.debug_aranges  0x00000000      0xb58
 *(.debug_aranges)
 .debug_aranges
                0x00000000       0x50 .\CortexM3\ARM_GCC_541\Debug\main.o
 .debug_aranges
                0x00000050       0x58 .\CortexM3\ARM_GCC_541\Debug\cyfitter_cfg.o
 .debug_aranges
                0x000000a8       0x18 .\CortexM3\ARM_GCC_541\Debug\cymetadata.o
 .debug_aranges
                0x000000c0       0x48 .\CortexM3\ARM_GCC_541\Debug\Cm3Start.o
 .debug_aranges
                0x00000108      0x2a0 .\CortexM3\ARM_GCC_541\Debug\Design01.a(CyLib.o)
 .debug_aranges
                0x000003a8       0x98 .\CortexM3\ARM_GCC_541\Debug\Design01.a(cyPm.o)
 .debug_aranges
                0x00000440       0x80 .\CortexM3\ARM_GCC_541\Debug\Design01.a(isrXP.o)
 .debug_aranges
                0x000004c0       0x80 .\CortexM3\ARM_GCC_541\Debug\Design01.a(isrXL.o)
 .debug_aranges
                0x00000540       0x80 .\CortexM3\ARM_GCC_541\Debug\Design01.a(isrYP.o)
 .debug_aranges
                0x000005c0       0x80 .\CortexM3\ARM_GCC_541\Debug\Design01.a(isrYL.o)
 .debug_aranges
                0x00000640       0x70 .\CortexM3\ARM_GCC_541\Debug\Design01.a(Clock_1.o)
 .debug_aranges
                0x000006b0       0x80 .\CortexM3\ARM_GCC_541\Debug\Design01.a(isrRx.o)
 .debug_aranges
                0x00000730       0xf0 .\CortexM3\ARM_GCC_541\Debug\Design01.a(UART.o)
 .debug_aranges
                0x00000820       0x28 .\CortexM3\ARM_GCC_541\Debug\Design01.a(UART_INT.o)
 .debug_aranges
                0x00000848       0x70 .\CortexM3\ARM_GCC_541\Debug\Design01.a(UART_IntClock.o)
 .debug_aranges
                0x000008b8       0xa8 .\CortexM3\ARM_GCC_541\Debug\Design01.a(PWM.o)
 .debug_aranges
                0x00000960       0x38 .\CortexM3\ARM_GCC_541\Debug\Design01.a(A1.o)
 .debug_aranges
                0x00000998       0x38 .\CortexM3\ARM_GCC_541\Debug\Design01.a(B1.o)
 .debug_aranges
                0x000009d0       0x38 .\CortexM3\ARM_GCC_541\Debug\Design01.a(A2.o)
 .debug_aranges
                0x00000a08       0x38 .\CortexM3\ARM_GCC_541\Debug\Design01.a(B2.o)
 .debug_aranges
                0x00000a40       0x20 .\CortexM3\ARM_GCC_541\Debug\Design01.a(CyBootAsmGnu.o)
 .debug_aranges
                0x00000a60       0x80 .\CortexM3\ARM_GCC_541\Debug\Design01.a(CyFlash.o)
 .debug_aranges
                0x00000ae0       0x78 .\CortexM3\ARM_GCC_541\Debug\Design01.a(CySpc.o)

.debug_pubnames
 *(.debug_pubnames)

.debug_info     0x00000000     0x5d54
 *(.debug_info .gnu.linkonce.wi.*)
 .debug_info    0x00000000      0x54f .\CortexM3\ARM_GCC_541\Debug\main.o
 .debug_info    0x0000054f      0x5ca .\CortexM3\ARM_GCC_541\Debug\cyfitter_cfg.o
 .debug_info    0x00000b19      0x137 .\CortexM3\ARM_GCC_541\Debug\cymetadata.o
 .debug_info    0x00000c50      0x3bb .\CortexM3\ARM_GCC_541\Debug\Cm3Start.o
 .debug_info    0x0000100b     0x1374 .\CortexM3\ARM_GCC_541\Debug\Design01.a(CyLib.o)
 .debug_info    0x0000237f      0xa2a .\CortexM3\ARM_GCC_541\Debug\Design01.a(cyPm.o)
 .debug_info    0x00002da9      0x2d2 .\CortexM3\ARM_GCC_541\Debug\Design01.a(isrXP.o)
 .debug_info    0x0000307b      0x2d2 .\CortexM3\ARM_GCC_541\Debug\Design01.a(isrXL.o)
 .debug_info    0x0000334d      0x2d2 .\CortexM3\ARM_GCC_541\Debug\Design01.a(isrYP.o)
 .debug_info    0x0000361f      0x2d2 .\CortexM3\ARM_GCC_541\Debug\Design01.a(isrYL.o)
 .debug_info    0x000038f1      0x283 .\CortexM3\ARM_GCC_541\Debug\Design01.a(Clock_1.o)
 .debug_info    0x00003b74      0x2d2 .\CortexM3\ARM_GCC_541\Debug\Design01.a(isrRx.o)
 .debug_info    0x00003e46      0x7be .\CortexM3\ARM_GCC_541\Debug\Design01.a(UART.o)
 .debug_info    0x00004604      0x196 .\CortexM3\ARM_GCC_541\Debug\Design01.a(UART_INT.o)
 .debug_info    0x0000479a      0x283 .\CortexM3\ARM_GCC_541\Debug\Design01.a(UART_IntClock.o)
 .debug_info    0x00004a1d      0x383 .\CortexM3\ARM_GCC_541\Debug\Design01.a(PWM.o)
 .debug_info    0x00004da0      0x11f .\CortexM3\ARM_GCC_541\Debug\Design01.a(A1.o)
 .debug_info    0x00004ebf      0x11f .\CortexM3\ARM_GCC_541\Debug\Design01.a(B1.o)
 .debug_info    0x00004fde      0x11f .\CortexM3\ARM_GCC_541\Debug\Design01.a(A2.o)
 .debug_info    0x000050fd      0x11f .\CortexM3\ARM_GCC_541\Debug\Design01.a(B2.o)
 .debug_info    0x0000521c       0x97 .\CortexM3\ARM_GCC_541\Debug\Design01.a(CyBootAsmGnu.o)
 .debug_info    0x000052b3      0x5b8 .\CortexM3\ARM_GCC_541\Debug\Design01.a(CyFlash.o)
 .debug_info    0x0000586b      0x4e9 .\CortexM3\ARM_GCC_541\Debug\Design01.a(CySpc.o)

.debug_abbrev   0x00000000     0x1c2a
 *(.debug_abbrev)
 .debug_abbrev  0x00000000      0x14a .\CortexM3\ARM_GCC_541\Debug\main.o
 .debug_abbrev  0x0000014a      0x20d .\CortexM3\ARM_GCC_541\Debug\cyfitter_cfg.o
 .debug_abbrev  0x00000357       0x77 .\CortexM3\ARM_GCC_541\Debug\cymetadata.o
 .debug_abbrev  0x000003ce      0x1e8 .\CortexM3\ARM_GCC_541\Debug\Cm3Start.o
 .debug_abbrev  0x000005b6      0x254 .\CortexM3\ARM_GCC_541\Debug\Design01.a(CyLib.o)
 .debug_abbrev  0x0000080a      0x1ab .\CortexM3\ARM_GCC_541\Debug\Design01.a(cyPm.o)
 .debug_abbrev  0x000009b5      0x173 .\CortexM3\ARM_GCC_541\Debug\Design01.a(isrXP.o)
 .debug_abbrev  0x00000b28      0x173 .\CortexM3\ARM_GCC_541\Debug\Design01.a(isrXL.o)
 .debug_abbrev  0x00000c9b      0x173 .\CortexM3\ARM_GCC_541\Debug\Design01.a(isrYP.o)
 .debug_abbrev  0x00000e0e      0x173 .\CortexM3\ARM_GCC_541\Debug\Design01.a(isrYL.o)
 .debug_abbrev  0x00000f81      0x139 .\CortexM3\ARM_GCC_541\Debug\Design01.a(Clock_1.o)
 .debug_abbrev  0x000010ba      0x173 .\CortexM3\ARM_GCC_541\Debug\Design01.a(isrRx.o)
 .debug_abbrev  0x0000122d      0x16f .\CortexM3\ARM_GCC_541\Debug\Design01.a(UART.o)
 .debug_abbrev  0x0000139c       0xa2 .\CortexM3\ARM_GCC_541\Debug\Design01.a(UART_INT.o)
 .debug_abbrev  0x0000143e      0x139 .\CortexM3\ARM_GCC_541\Debug\Design01.a(UART_IntClock.o)
 .debug_abbrev  0x00001577      0x133 .\CortexM3\ARM_GCC_541\Debug\Design01.a(PWM.o)
 .debug_abbrev  0x000016aa       0x90 .\CortexM3\ARM_GCC_541\Debug\Design01.a(A1.o)
 .debug_abbrev  0x0000173a       0x90 .\CortexM3\ARM_GCC_541\Debug\Design01.a(B1.o)
 .debug_abbrev  0x000017ca       0x90 .\CortexM3\ARM_GCC_541\Debug\Design01.a(A2.o)
 .debug_abbrev  0x0000185a       0x90 .\CortexM3\ARM_GCC_541\Debug\Design01.a(B2.o)
 .debug_abbrev  0x000018ea       0x14 .\CortexM3\ARM_GCC_541\Debug\Design01.a(CyBootAsmGnu.o)
 .debug_abbrev  0x000018fe      0x198 .\CortexM3\ARM_GCC_541\Debug\Design01.a(CyFlash.o)
 .debug_abbrev  0x00001a96      0x194 .\CortexM3\ARM_GCC_541\Debug\Design01.a(CySpc.o)

.debug_line     0x00000000     0x291d
 *(.debug_line)
 .debug_line    0x00000000      0x2f8 .\CortexM3\ARM_GCC_541\Debug\main.o
 .debug_line    0x000002f8      0x1f9 .\CortexM3\ARM_GCC_541\Debug\cyfitter_cfg.o
 .debug_line    0x000004f1      0x141 .\CortexM3\ARM_GCC_541\Debug\cymetadata.o
 .debug_line    0x00000632      0x234 .\CortexM3\ARM_GCC_541\Debug\Cm3Start.o
 .debug_line    0x00000866      0x816 .\CortexM3\ARM_GCC_541\Debug\Design01.a(CyLib.o)
 .debug_line    0x0000107c      0x367 .\CortexM3\ARM_GCC_541\Debug\Design01.a(cyPm.o)
 .debug_line    0x000013e3      0x132 .\CortexM3\ARM_GCC_541\Debug\Design01.a(isrXP.o)
 .debug_line    0x00001515      0x132 .\CortexM3\ARM_GCC_541\Debug\Design01.a(isrXL.o)
 .debug_line    0x00001647      0x132 .\CortexM3\ARM_GCC_541\Debug\Design01.a(isrYP.o)
 .debug_line    0x00001779      0x132 .\CortexM3\ARM_GCC_541\Debug\Design01.a(isrYL.o)
 .debug_line    0x000018ab      0x176 .\CortexM3\ARM_GCC_541\Debug\Design01.a(Clock_1.o)
 .debug_line    0x00001a21      0x132 .\CortexM3\ARM_GCC_541\Debug\Design01.a(isrRx.o)
 .debug_line    0x00001b53      0x33b .\CortexM3\ARM_GCC_541\Debug\Design01.a(UART.o)
 .debug_line    0x00001e8e       0xa5 .\CortexM3\ARM_GCC_541\Debug\Design01.a(UART_INT.o)
 .debug_line    0x00001f33      0x17c .\CortexM3\ARM_GCC_541\Debug\Design01.a(UART_IntClock.o)
 .debug_line    0x000020af      0x1a7 .\CortexM3\ARM_GCC_541\Debug\Design01.a(PWM.o)
 .debug_line    0x00002256       0x8f .\CortexM3\ARM_GCC_541\Debug\Design01.a(A1.o)
 .debug_line    0x000022e5       0x8f .\CortexM3\ARM_GCC_541\Debug\Design01.a(B1.o)
 .debug_line    0x00002374       0x8f .\CortexM3\ARM_GCC_541\Debug\Design01.a(A2.o)
 .debug_line    0x00002403       0x8f .\CortexM3\ARM_GCC_541\Debug\Design01.a(B2.o)
 .debug_line    0x00002492       0x66 .\CortexM3\ARM_GCC_541\Debug\Design01.a(CyBootAsmGnu.o)
 .debug_line    0x000024f8      0x1e9 .\CortexM3\ARM_GCC_541\Debug\Design01.a(CyFlash.o)
 .debug_line    0x000026e1      0x23c .\CortexM3\ARM_GCC_541\Debug\Design01.a(CySpc.o)

.debug_frame    0x00000000     0x1be8
 *(.debug_frame)
 .debug_frame   0x00000000       0xa8 .\CortexM3\ARM_GCC_541\Debug\main.o
 .debug_frame   0x000000a8       0xe4 .\CortexM3\ARM_GCC_541\Debug\cyfitter_cfg.o
 .debug_frame   0x0000018c       0xb8 .\CortexM3\ARM_GCC_541\Debug\Cm3Start.o
 .debug_frame   0x00000244      0x738 .\CortexM3\ARM_GCC_541\Debug\Design01.a(CyLib.o)
 .debug_frame   0x0000097c      0x1f8 .\CortexM3\ARM_GCC_541\Debug\Design01.a(cyPm.o)
 .debug_frame   0x00000b74      0x104 .\CortexM3\ARM_GCC_541\Debug\Design01.a(isrXP.o)
 .debug_frame   0x00000c78      0x104 .\CortexM3\ARM_GCC_541\Debug\Design01.a(isrXL.o)
 .debug_frame   0x00000d7c      0x104 .\CortexM3\ARM_GCC_541\Debug\Design01.a(isrYP.o)
 .debug_frame   0x00000e80      0x104 .\CortexM3\ARM_GCC_541\Debug\Design01.a(isrYL.o)
 .debug_frame   0x00000f84       0xe0 .\CortexM3\ARM_GCC_541\Debug\Design01.a(Clock_1.o)
 .debug_frame   0x00001064      0x104 .\CortexM3\ARM_GCC_541\Debug\Design01.a(isrRx.o)
 .debug_frame   0x00001168      0x25c .\CortexM3\ARM_GCC_541\Debug\Design01.a(UART.o)
 .debug_frame   0x000013c4       0x30 .\CortexM3\ARM_GCC_541\Debug\Design01.a(UART_INT.o)
 .debug_frame   0x000013f4       0xe0 .\CortexM3\ARM_GCC_541\Debug\Design01.a(UART_IntClock.o)
 .debug_frame   0x000014d4      0x154 .\CortexM3\ARM_GCC_541\Debug\Design01.a(PWM.o)
 .debug_frame   0x00001628       0x50 .\CortexM3\ARM_GCC_541\Debug\Design01.a(A1.o)
 .debug_frame   0x00001678       0x50 .\CortexM3\ARM_GCC_541\Debug\Design01.a(B1.o)
 .debug_frame   0x000016c8       0x50 .\CortexM3\ARM_GCC_541\Debug\Design01.a(A2.o)
 .debug_frame   0x00001718       0x50 .\CortexM3\ARM_GCC_541\Debug\Design01.a(B2.o)
 .debug_frame   0x00001768      0x174 .\CortexM3\ARM_GCC_541\Debug\Design01.a(CyFlash.o)
 .debug_frame   0x000018dc      0x160 .\CortexM3\ARM_GCC_541\Debug\Design01.a(CySpc.o)
 .debug_frame   0x00001a3c       0x30 c:/program files (x86)/cypress/psoc creator/4.2/psoc creator/import/gnu/arm/5.4.1/bin/../lib/gcc/arm-none-eabi/5.4.1/../../../../arm-none-eabi/lib/armv7-m\libg_nano.a(lib_a-atoi.o)
 .debug_frame   0x00001a6c       0x20 c:/program files (x86)/cypress/psoc creator/4.2/psoc creator/import/gnu/arm/5.4.1/bin/../lib/gcc/arm-none-eabi/5.4.1/../../../../arm-none-eabi/lib/armv7-m\libg_nano.a(lib_a-errno.o)
 .debug_frame   0x00001a8c       0x28 c:/program files (x86)/cypress/psoc creator/4.2/psoc creator/import/gnu/arm/5.4.1/bin/../lib/gcc/arm-none-eabi/5.4.1/../../../../arm-none-eabi/lib/armv7-m\libg_nano.a(lib_a-exit.o)
 .debug_frame   0x00001ab4       0x2c c:/program files (x86)/cypress/psoc creator/4.2/psoc creator/import/gnu/arm/5.4.1/bin/../lib/gcc/arm-none-eabi/5.4.1/../../../../arm-none-eabi/lib/armv7-m\libg_nano.a(lib_a-init.o)
 .debug_frame   0x00001ae0       0x38 c:/program files (x86)/cypress/psoc creator/4.2/psoc creator/import/gnu/arm/5.4.1/bin/../lib/gcc/arm-none-eabi/5.4.1/../../../../arm-none-eabi/lib/armv7-m\libg_nano.a(lib_a-itoa.o)
 .debug_frame   0x00001b18       0x28 c:/program files (x86)/cypress/psoc creator/4.2/psoc creator/import/gnu/arm/5.4.1/bin/../lib/gcc/arm-none-eabi/5.4.1/../../../../arm-none-eabi/lib/armv7-m\libg_nano.a(lib_a-memcpy-stub.o)
 .debug_frame   0x00001b40       0x20 c:/program files (x86)/cypress/psoc creator/4.2/psoc creator/import/gnu/arm/5.4.1/bin/../lib/gcc/arm-none-eabi/5.4.1/../../../../arm-none-eabi/lib/armv7-m\libg_nano.a(lib_a-memset.o)
 .debug_frame   0x00001b60       0x44 c:/program files (x86)/cypress/psoc creator/4.2/psoc creator/import/gnu/arm/5.4.1/bin/../lib/gcc/arm-none-eabi/5.4.1/../../../../arm-none-eabi/lib/armv7-m\libg_nano.a(lib_a-strtol.o)
 .debug_frame   0x00001ba4       0x44 c:/program files (x86)/cypress/psoc creator/4.2/psoc creator/import/gnu/arm/5.4.1/bin/../lib/gcc/arm-none-eabi/5.4.1/../../../../arm-none-eabi/lib/armv7-m\libg_nano.a(lib_a-utoa.o)

.debug_str      0x00000000     0x2143
 *(.debug_str)
 .debug_str     0x00000000      0x2c9 .\CortexM3\ARM_GCC_541\Debug\main.o
                                0x311 (size before relaxing)
 .debug_str     0x000002c9      0x1c2 .\CortexM3\ARM_GCC_541\Debug\cyfitter_cfg.o
                                0x351 (size before relaxing)
 .debug_str     0x0000048b       0x7f .\CortexM3\ARM_GCC_541\Debug\cymetadata.o
                                0x1eb (size before relaxing)
 .debug_str     0x0000050a      0x13e .\CortexM3\ARM_GCC_541\Debug\Cm3Start.o
                                0x311 (size before relaxing)
 .debug_str     0x00000648      0x845 .\CortexM3\ARM_GCC_541\Debug\Design01.a(CyLib.o)
                                0xa4e (size before relaxing)
 .debug_str     0x00000e8d      0x365 .\CortexM3\ARM_GCC_541\Debug\Design01.a(cyPm.o)
                                0x73a (size before relaxing)
 .debug_str     0x000011f2       0xd8 .\CortexM3\ARM_GCC_541\Debug\Design01.a(isrXP.o)
                                0x2ad (size before relaxing)
 .debug_str     0x000012ca       0xd8 .\CortexM3\ARM_GCC_541\Debug\Design01.a(isrXL.o)
                                0x2ad (size before relaxing)
 .debug_str     0x000013a2       0xd8 .\CortexM3\ARM_GCC_541\Debug\Design01.a(isrYP.o)
                                0x2ad (size before relaxing)
 .debug_str     0x0000147a       0xd8 .\CortexM3\ARM_GCC_541\Debug\Design01.a(isrYL.o)
                                0x2ad (size before relaxing)
 .debug_str     0x00001552      0x154 .\CortexM3\ARM_GCC_541\Debug\Design01.a(Clock_1.o)
                                0x2f5 (size before relaxing)
 .debug_str     0x000016a6       0xd8 .\CortexM3\ARM_GCC_541\Debug\Design01.a(isrRx.o)
                                0x2ad (size before relaxing)
 .debug_str     0x0000177e      0x369 .\CortexM3\ARM_GCC_541\Debug\Design01.a(UART.o)
                                0x59f (size before relaxing)
 .debug_str     0x00001ae7       0x5e .\CortexM3\ARM_GCC_541\Debug\Design01.a(UART_INT.o)
                                0x290 (size before relaxing)
 .debug_str     0x00001b45      0x138 .\CortexM3\ARM_GCC_541\Debug\Design01.a(UART_IntClock.o)
                                0x33d (size before relaxing)
 .debug_str     0x00001c7d      0x167 .\CortexM3\ARM_GCC_541\Debug\Design01.a(PWM.o)
                                0x357 (size before relaxing)
 .debug_str     0x00001de4       0x4e .\CortexM3\ARM_GCC_541\Debug\Design01.a(A1.o)
                                0x1da (size before relaxing)
 .debug_str     0x00001e32       0x43 .\CortexM3\ARM_GCC_541\Debug\Design01.a(B1.o)
                                0x1da (size before relaxing)
 .debug_str     0x00001e75       0x43 .\CortexM3\ARM_GCC_541\Debug\Design01.a(A2.o)
                                0x1da (size before relaxing)
 .debug_str     0x00001eb8       0x43 .\CortexM3\ARM_GCC_541\Debug\Design01.a(B2.o)
                                0x1da (size before relaxing)
 .debug_str     0x00001efb      0x19c .\CortexM3\ARM_GCC_541\Debug\Design01.a(CyFlash.o)
                                0x3a8 (size before relaxing)
 .debug_str     0x00002097       0xac .\CortexM3\ARM_GCC_541\Debug\Design01.a(CySpc.o)
                                0x331 (size before relaxing)

.debug_loc      0x00000000     0x21d3
 *(.debug_loc)
 .debug_loc     0x00000000       0x21 .\CortexM3\ARM_GCC_541\Debug\main.o
 .debug_loc     0x00000021      0x259 .\CortexM3\ARM_GCC_541\Debug\cyfitter_cfg.o
 .debug_loc     0x0000027a      0x144 .\CortexM3\ARM_GCC_541\Debug\Cm3Start.o
 .debug_loc     0x000003be      0xa11 .\CortexM3\ARM_GCC_541\Debug\Design01.a(CyLib.o)
 .debug_loc     0x00000dcf      0x1e4 .\CortexM3\ARM_GCC_541\Debug\Design01.a(cyPm.o)
 .debug_loc     0x00000fb3       0x56 .\CortexM3\ARM_GCC_541\Debug\Design01.a(isrXP.o)
 .debug_loc     0x00001009       0x56 .\CortexM3\ARM_GCC_541\Debug\Design01.a(isrXL.o)
 .debug_loc     0x0000105f       0x56 .\CortexM3\ARM_GCC_541\Debug\Design01.a(isrYP.o)
 .debug_loc     0x000010b5       0x56 .\CortexM3\ARM_GCC_541\Debug\Design01.a(isrYL.o)
 .debug_loc     0x0000110b      0x12c .\CortexM3\ARM_GCC_541\Debug\Design01.a(Clock_1.o)
 .debug_loc     0x00001237       0x56 .\CortexM3\ARM_GCC_541\Debug\Design01.a(isrRx.o)
 .debug_loc     0x0000128d      0x36c .\CortexM3\ARM_GCC_541\Debug\Design01.a(UART.o)
 .debug_loc     0x000015f9       0x45 .\CortexM3\ARM_GCC_541\Debug\Design01.a(UART_INT.o)
 .debug_loc     0x0000163e      0x128 .\CortexM3\ARM_GCC_541\Debug\Design01.a(UART_IntClock.o)
 .debug_loc     0x00001766       0x26 .\CortexM3\ARM_GCC_541\Debug\Design01.a(PWM.o)
 .debug_loc     0x0000178c       0x42 .\CortexM3\ARM_GCC_541\Debug\Design01.a(A1.o)
 .debug_loc     0x000017ce       0x42 .\CortexM3\ARM_GCC_541\Debug\Design01.a(B1.o)
 .debug_loc     0x00001810       0x42 .\CortexM3\ARM_GCC_541\Debug\Design01.a(A2.o)
 .debug_loc     0x00001852       0x42 .\CortexM3\ARM_GCC_541\Debug\Design01.a(B2.o)
 .debug_loc     0x00001894      0x2f2 .\CortexM3\ARM_GCC_541\Debug\Design01.a(CyFlash.o)
 .debug_loc     0x00001b86      0x64d .\CortexM3\ARM_GCC_541\Debug\Design01.a(CySpc.o)

.debug_macinfo
 *(.debug_macinfo)

.debug_ranges   0x00000000      0x9d0
 *(.debug_ranges)
 .debug_ranges  0x00000000       0x40 .\CortexM3\ARM_GCC_541\Debug\main.o
 .debug_ranges  0x00000040       0x48 .\CortexM3\ARM_GCC_541\Debug\cyfitter_cfg.o
 .debug_ranges  0x00000088       0x38 .\CortexM3\ARM_GCC_541\Debug\Cm3Start.o
 .debug_ranges  0x000000c0      0x290 .\CortexM3\ARM_GCC_541\Debug\Design01.a(CyLib.o)
 .debug_ranges  0x00000350       0x88 .\CortexM3\ARM_GCC_541\Debug\Design01.a(cyPm.o)
 .debug_ranges  0x000003d8       0x70 .\CortexM3\ARM_GCC_541\Debug\Design01.a(isrXP.o)
 .debug_ranges  0x00000448       0x70 .\CortexM3\ARM_GCC_541\Debug\Design01.a(isrXL.o)
 .debug_ranges  0x000004b8       0x70 .\CortexM3\ARM_GCC_541\Debug\Design01.a(isrYP.o)
 .debug_ranges  0x00000528       0x70 .\CortexM3\ARM_GCC_541\Debug\Design01.a(isrYL.o)
 .debug_ranges  0x00000598       0x60 .\CortexM3\ARM_GCC_541\Debug\Design01.a(Clock_1.o)
 .debug_ranges  0x000005f8       0x70 .\CortexM3\ARM_GCC_541\Debug\Design01.a(isrRx.o)
 .debug_ranges  0x00000668       0xe0 .\CortexM3\ARM_GCC_541\Debug\Design01.a(UART.o)
 .debug_ranges  0x00000748       0x18 .\CortexM3\ARM_GCC_541\Debug\Design01.a(UART_INT.o)
 .debug_ranges  0x00000760       0x60 .\CortexM3\ARM_GCC_541\Debug\Design01.a(UART_IntClock.o)
 .debug_ranges  0x000007c0       0x98 .\CortexM3\ARM_GCC_541\Debug\Design01.a(PWM.o)
 .debug_ranges  0x00000858       0x28 .\CortexM3\ARM_GCC_541\Debug\Design01.a(A1.o)
 .debug_ranges  0x00000880       0x28 .\CortexM3\ARM_GCC_541\Debug\Design01.a(B1.o)
 .debug_ranges  0x000008a8       0x28 .\CortexM3\ARM_GCC_541\Debug\Design01.a(A2.o)
 .debug_ranges  0x000008d0       0x28 .\CortexM3\ARM_GCC_541\Debug\Design01.a(B2.o)
 .debug_ranges  0x000008f8       0x70 .\CortexM3\ARM_GCC_541\Debug\Design01.a(CyFlash.o)
 .debug_ranges  0x00000968       0x68 .\CortexM3\ARM_GCC_541\Debug\Design01.a(CySpc.o)

.comment        0x00000000       0x6e
 .comment       0x00000000       0x6e .\CortexM3\ARM_GCC_541\Debug\main.o
                                 0x6f (size before relaxing)
 .comment       0x0000006e       0x6f .\CortexM3\ARM_GCC_541\Debug\cyfitter_cfg.o
 .comment       0x0000006e       0x6f .\CortexM3\ARM_GCC_541\Debug\cymetadata.o
 .comment       0x0000006e       0x6f .\CortexM3\ARM_GCC_541\Debug\Cm3Start.o
 .comment       0x0000006e       0x6f .\CortexM3\ARM_GCC_541\Debug\Design01.a(CyLib.o)
 .comment       0x0000006e       0x6f .\CortexM3\ARM_GCC_541\Debug\Design01.a(cyPm.o)
 .comment       0x0000006e       0x6f .\CortexM3\ARM_GCC_541\Debug\Design01.a(isrXP.o)
 .comment       0x0000006e       0x6f .\CortexM3\ARM_GCC_541\Debug\Design01.a(isrXL.o)
 .comment       0x0000006e       0x6f .\CortexM3\ARM_GCC_541\Debug\Design01.a(isrYP.o)
 .comment       0x0000006e       0x6f .\CortexM3\ARM_GCC_541\Debug\Design01.a(isrYL.o)
 .comment       0x0000006e       0x6f .\CortexM3\ARM_GCC_541\Debug\Design01.a(Clock_1.o)
 .comment       0x0000006e       0x6f .\CortexM3\ARM_GCC_541\Debug\Design01.a(isrRx.o)
 .comment       0x0000006e       0x6f .\CortexM3\ARM_GCC_541\Debug\Design01.a(UART.o)
 .comment       0x0000006e       0x6f .\CortexM3\ARM_GCC_541\Debug\Design01.a(UART_INT.o)
 .comment       0x0000006e       0x6f .\CortexM3\ARM_GCC_541\Debug\Design01.a(UART_IntClock.o)
 .comment       0x0000006e       0x6f .\CortexM3\ARM_GCC_541\Debug\Design01.a(PWM.o)
 .comment       0x0000006e       0x6f .\CortexM3\ARM_GCC_541\Debug\Design01.a(A1.o)
 .comment       0x0000006e       0x6f .\CortexM3\ARM_GCC_541\Debug\Design01.a(B1.o)
 .comment       0x0000006e       0x6f .\CortexM3\ARM_GCC_541\Debug\Design01.a(A2.o)
 .comment       0x0000006e       0x6f .\CortexM3\ARM_GCC_541\Debug\Design01.a(B2.o)
 .comment       0x0000006e       0x6f .\CortexM3\ARM_GCC_541\Debug\Design01.a(CyFlash.o)
 .comment       0x0000006e       0x6f .\CortexM3\ARM_GCC_541\Debug\Design01.a(CySpc.o)

.debug_weaknames
 *(.debug_weaknames)

.debug_funcnames
 *(.debug_funcnames)

.debug_typenames
 *(.debug_typenames)

.debug_varnames
 *(.debug_varnames)

.note.gnu.arm.ident
 *(.note.gnu.arm.ident)

.ARM.attributes
                0x00000000       0x29
 *(.ARM.attributes)
 .ARM.attributes
                0x00000000       0x1d c:/program files (x86)/cypress/psoc creator/4.2/psoc creator/import/gnu/arm/5.4.1/bin/../lib/gcc/arm-none-eabi/5.4.1/armv7-m/crti.o
 .ARM.attributes
                0x0000001d       0x2d c:/program files (x86)/cypress/psoc creator/4.2/psoc creator/import/gnu/arm/5.4.1/bin/../lib/gcc/arm-none-eabi/5.4.1/armv7-m/crtbegin.o
 .ARM.attributes
                0x0000004a       0x1b c:/program files (x86)/cypress/psoc creator/4.2/psoc creator/import/gnu/arm/5.4.1/bin/../lib/gcc/arm-none-eabi/5.4.1/../../../../arm-none-eabi/lib/armv7-m/crt0.o
 .ARM.attributes
                0x00000065       0x33 .\CortexM3\ARM_GCC_541\Debug\main.o
 .ARM.attributes
                0x00000098       0x33 .\CortexM3\ARM_GCC_541\Debug\cyfitter_cfg.o
 .ARM.attributes
                0x000000cb       0x33 .\CortexM3\ARM_GCC_541\Debug\cymetadata.o
 .ARM.attributes
                0x000000fe       0x33 .\CortexM3\ARM_GCC_541\Debug\Cm3Start.o
 .ARM.attributes
                0x00000131       0x33 .\CortexM3\ARM_GCC_541\Debug\Design01.a(CyLib.o)
 .ARM.attributes
                0x00000164       0x33 .\CortexM3\ARM_GCC_541\Debug\Design01.a(cyPm.o)
 .ARM.attributes
                0x00000197       0x33 .\CortexM3\ARM_GCC_541\Debug\Design01.a(isrXP.o)
 .ARM.attributes
                0x000001ca       0x33 .\CortexM3\ARM_GCC_541\Debug\Design01.a(isrXL.o)
 .ARM.attributes
                0x000001fd       0x33 .\CortexM3\ARM_GCC_541\Debug\Design01.a(isrYP.o)
 .ARM.attributes
                0x00000230       0x33 .\CortexM3\ARM_GCC_541\Debug\Design01.a(isrYL.o)
 .ARM.attributes
                0x00000263       0x33 .\CortexM3\ARM_GCC_541\Debug\Design01.a(Clock_1.o)
 .ARM.attributes
                0x00000296       0x33 .\CortexM3\ARM_GCC_541\Debug\Design01.a(isrRx.o)
 .ARM.attributes
                0x000002c9       0x33 .\CortexM3\ARM_GCC_541\Debug\Design01.a(UART.o)
 .ARM.attributes
                0x000002fc       0x33 .\CortexM3\ARM_GCC_541\Debug\Design01.a(UART_INT.o)
 .ARM.attributes
                0x0000032f       0x33 .\CortexM3\ARM_GCC_541\Debug\Design01.a(UART_IntClock.o)
 .ARM.attributes
                0x00000362       0x33 .\CortexM3\ARM_GCC_541\Debug\Design01.a(PWM.o)
 .ARM.attributes
                0x00000395       0x33 .\CortexM3\ARM_GCC_541\Debug\Design01.a(A1.o)
 .ARM.attributes
                0x000003c8       0x33 .\CortexM3\ARM_GCC_541\Debug\Design01.a(B1.o)
 .ARM.attributes
                0x000003fb       0x33 .\CortexM3\ARM_GCC_541\Debug\Design01.a(A2.o)
 .ARM.attributes
                0x0000042e       0x33 .\CortexM3\ARM_GCC_541\Debug\Design01.a(B2.o)
 .ARM.attributes
                0x00000461       0x21 .\CortexM3\ARM_GCC_541\Debug\Design01.a(CyBootAsmGnu.o)
 .ARM.attributes
                0x00000482       0x33 .\CortexM3\ARM_GCC_541\Debug\Design01.a(CyFlash.o)
 .ARM.attributes
                0x000004b5       0x33 .\CortexM3\ARM_GCC_541\Debug\Design01.a(CySpc.o)
 .ARM.attributes
                0x000004e8       0x2d c:/program files (x86)/cypress/psoc creator/4.2/psoc creator/import/gnu/arm/5.4.1/bin/../lib/gcc/arm-none-eabi/5.4.1/../../../../arm-none-eabi/lib/armv7-m\libg_nano.a(lib_a-atoi.o)
 .ARM.attributes
                0x00000515       0x2d c:/program files (x86)/cypress/psoc creator/4.2/psoc creator/import/gnu/arm/5.4.1/bin/../lib/gcc/arm-none-eabi/5.4.1/../../../../arm-none-eabi/lib/armv7-m\libg_nano.a(lib_a-errno.o)
 .ARM.attributes
                0x00000542       0x2d c:/program files (x86)/cypress/psoc creator/4.2/psoc creator/import/gnu/arm/5.4.1/bin/../lib/gcc/arm-none-eabi/5.4.1/../../../../arm-none-eabi/lib/armv7-m\libg_nano.a(lib_a-exit.o)
 .ARM.attributes
                0x0000056f       0x2d c:/program files (x86)/cypress/psoc creator/4.2/psoc creator/import/gnu/arm/5.4.1/bin/../lib/gcc/arm-none-eabi/5.4.1/../../../../arm-none-eabi/lib/armv7-m\libg_nano.a(lib_a-impure.o)
 .ARM.attributes
                0x0000059c       0x2d c:/program files (x86)/cypress/psoc creator/4.2/psoc creator/import/gnu/arm/5.4.1/bin/../lib/gcc/arm-none-eabi/5.4.1/../../../../arm-none-eabi/lib/armv7-m\libg_nano.a(lib_a-init.o)
 .ARM.attributes
                0x000005c9       0x2d c:/program files (x86)/cypress/psoc creator/4.2/psoc creator/import/gnu/arm/5.4.1/bin/../lib/gcc/arm-none-eabi/5.4.1/../../../../arm-none-eabi/lib/armv7-m\libg_nano.a(lib_a-itoa.o)
 .ARM.attributes
                0x000005f6       0x2d c:/program files (x86)/cypress/psoc creator/4.2/psoc creator/import/gnu/arm/5.4.1/bin/../lib/gcc/arm-none-eabi/5.4.1/../../../../arm-none-eabi/lib/armv7-m\libg_nano.a(lib_a-memcpy-stub.o)
 .ARM.attributes
                0x00000623       0x2d c:/program files (x86)/cypress/psoc creator/4.2/psoc creator/import/gnu/arm/5.4.1/bin/../lib/gcc/arm-none-eabi/5.4.1/../../../../arm-none-eabi/lib/armv7-m\libg_nano.a(lib_a-memset.o)
 .ARM.attributes
                0x00000650       0x2d c:/program files (x86)/cypress/psoc creator/4.2/psoc creator/import/gnu/arm/5.4.1/bin/../lib/gcc/arm-none-eabi/5.4.1/../../../../arm-none-eabi/lib/armv7-m\libg_nano.a(lib_a-strtol.o)
 .ARM.attributes
                0x0000067d       0x2d c:/program files (x86)/cypress/psoc creator/4.2/psoc creator/import/gnu/arm/5.4.1/bin/../lib/gcc/arm-none-eabi/5.4.1/../../../../arm-none-eabi/lib/armv7-m\libg_nano.a(lib_a-utoa.o)
 .ARM.attributes
                0x000006aa       0x2d c:/program files (x86)/cypress/psoc creator/4.2/psoc creator/import/gnu/arm/5.4.1/bin/../lib/gcc/arm-none-eabi/5.4.1/../../../../arm-none-eabi/lib/armv7-m\libg_nano.a(lib_a-ctype_.o)
 .ARM.attributes
                0x000006d7       0x2d c:/program files (x86)/cypress/psoc creator/4.2/psoc creator/import/gnu/arm/5.4.1/bin/../lib/gcc/arm-none-eabi/5.4.1/armv7-m/crtend.o
 .ARM.attributes
                0x00000704       0x1d c:/program files (x86)/cypress/psoc creator/4.2/psoc creator/import/gnu/arm/5.4.1/bin/../lib/gcc/arm-none-eabi/5.4.1/armv7-m/crtn.o

/DISCARD/
 *(.note.GNU-stack)
OUTPUT(C:\Users\Klukk-TP\Documents\tesis\Workspace02\Workspace02\Design01.cydsn\CortexM3\ARM_GCC_541\Debug\Design01.elf elf32-littlearm)
